../startup/startup_mke16z4.c:246:6:data_init	8	static
../startup/startup_mke16z4.c:255:6:bss_init	0	static
../startup/startup_mke16z4.c:280:6:ResetISR	0	static
../startup/startup_mke16z4.c:369:14:NMI_Handler	0	static
../startup/startup_mke16z4.c:373:14:HardFault_Handler	0	static
../startup/startup_mke16z4.c:377:14:SVC_Handler	0	static
../startup/startup_mke16z4.c:381:14:PendSV_Handler	0	static
../startup/startup_mke16z4.c:385:14:SysTick_Handler	0	static
../startup/startup_mke16z4.c:393:14:IntDefaultHandler	0	static
../startup/startup_mke16z4.c:403:14:Reserved16_IRQHandler	8	static
../startup/startup_mke16z4.c:407:14:Reserved17_IRQHandler	8	static
../startup/startup_mke16z4.c:411:14:Reserved18_IRQHandler	8	static
../startup/startup_mke16z4.c:415:14:Reserved19_IRQHandler	8	static
../startup/startup_mke16z4.c:419:14:Reserved20_IRQHandler	8	static
../startup/startup_mke16z4.c:423:14:FTFA_IRQHandler	8	static
../startup/startup_mke16z4.c:427:14:LVD_LVW_IRQHandler	8	static
../startup/startup_mke16z4.c:431:14:PORTAE_IRQHandler	8	static
../startup/startup_mke16z4.c:435:14:LPI2C0_IRQHandler	8	static
../startup/startup_mke16z4.c:439:14:Reserved25_IRQHandler	8	static
../startup/startup_mke16z4.c:443:14:LPSPI0_IRQHandler	8	static
../startup/startup_mke16z4.c:447:14:Reserved27_IRQHandler	8	static
../startup/startup_mke16z4.c:451:14:LPUART0_IRQHandler	8	static
../startup/startup_mke16z4.c:455:14:LPUART1_IRQHandler	8	static
../startup/startup_mke16z4.c:459:14:LPUART2_IRQHandler	8	static
../startup/startup_mke16z4.c:463:14:ADC0_IRQHandler	8	static
../startup/startup_mke16z4.c:467:14:CMP0_IRQHandler	8	static
../startup/startup_mke16z4.c:471:14:FTM0_IRQHandler	8	static
../startup/startup_mke16z4.c:475:14:FTM1_IRQHandler	8	static
../startup/startup_mke16z4.c:479:14:Reserved35_IRQHandler	8	static
../startup/startup_mke16z4.c:483:14:RTC_IRQHandler	8	static
../startup/startup_mke16z4.c:487:14:Reserved37_IRQHandler	8	static
../startup/startup_mke16z4.c:491:14:LPIT0_IRQHandler	8	static
../startup/startup_mke16z4.c:495:14:Reserved39_IRQHandler	8	static
../startup/startup_mke16z4.c:499:14:TSI_IRQHandler	8	static
../startup/startup_mke16z4.c:503:14:PDB0_IRQHandler	8	static
../startup/startup_mke16z4.c:507:14:PORTBCD_IRQHandler	8	static
../startup/startup_mke16z4.c:511:14:SCG_RCM_IRQHandler	8	static
../startup/startup_mke16z4.c:515:14:WDOG_EWM_IRQHandler	8	static
../startup/startup_mke16z4.c:519:14:PWT_LPTMR0_IRQHandler	8	static
../startup/startup_mke16z4.c:523:14:MSCAN_Rx_IRQHandler	8	static
../startup/startup_mke16z4.c:527:14:MSCAN_ORed_IRQHandler	8	static
