C:\Users\Duy\Documents\MCUXpressoIDE_11.10.0_3148\workspace\Mock_MCU\CMSIS/core_cm0plus.h:741:22:__NVIC_EnableIRQ	16	static
../source/Mock_MCU.c:18:6:initUART0	8	static
../source/Mock_MCU.c:69:6:send_character	16	static
../source/Mock_MCU.c:75:6:send_data	16	static
../source/Mock_MCU.c:87:6:clear	32	static
../source/Mock_MCU.c:96:6:push_queue	16	static
../source/Mock_MCU.c:186:6:pop_queue	8	static
../source/Mock_MCU.c:206:6:LPUART0_IRQHandler	16	static
../source/Mock_MCU.c:220:6:delay	16	static
../source/Mock_MCU.c:229:5:main	8	static
