C:\Users\Duy\Documents\MCUXpressoIDE_11.10.0_3148\workspace\Ass5_UART\CMSIS/core_cm0plus.h:741:22:__NVIC_EnableIRQ	16	static
C:\Users\Duy\Documents\MCUXpressoIDE_11.10.0_3148\workspace\Ass5_UART\CMSIS/core_cm0plus.h:850:22:__NVIC_SetPriority	24	static
C:\Users\Duy\Documents\MCUXpressoIDE_11.10.0_3148\workspace\Ass5_UART\CMSIS/core_cm0plus.h:1058:26:SysTick_Config	16	static
../source/Ass5_UART.c:29:6:init_UART	8	static
../source/Ass5_UART.c:80:6:send_character	16	static
../source/Ass5_UART.c:86:6:send_data	32	static
../source/Ass5_UART.c:93:6:initLedgreen	8	static
../source/Ass5_UART.c:100:6:LPUART0_IRQHandler	16	static
../source/Ass5_UART.c:141:6:initSystick	8	static
../source/Ass5_UART.c:146:6:SysTick_Handler	8	static
../source/Ass5_UART.c:161:5:main	8	static
