Archive member included to satisfy reference by file (symbol)

C:/nxp/MCUXpressoIDE_11.10.0_3148/ide/plugins/com.nxp.mcuxpresso.tools.win32_11.10.0.202311280810/tools/bin/../lib/gcc/arm-none-eabi/13.2.1/../../../../arm-none-eabi/lib/thumb/v6-m/nofp\libcr_nohost_nf.a(_cr__main.o)
                              ./startup/startup_mke16z4.o (__main)
C:/nxp/MCUXpressoIDE_11.10.0_3148/ide/plugins/com.nxp.mcuxpresso.tools.win32_11.10.0.202311280810/tools/bin/../lib/gcc/arm-none-eabi/13.2.1/../../../../arm-none-eabi/lib/thumb/v6-m/nofp\libcr_c.a(initio.o)
                              C:/nxp/MCUXpressoIDE_11.10.0_3148/ide/plugins/com.nxp.mcuxpresso.tools.win32_11.10.0.202311280810/tools/bin/../lib/gcc/arm-none-eabi/13.2.1/../../../../arm-none-eabi/lib/thumb/v6-m/nofp\libcr_nohost_nf.a(_cr__main.o) (_initio)
C:/nxp/MCUXpressoIDE_11.10.0_3148/ide/plugins/com.nxp.mcuxpresso.tools.win32_11.10.0.202311280810/tools/bin/../lib/gcc/arm-none-eabi/13.2.1/../../../../arm-none-eabi/lib/thumb/v6-m/nofp\libcr_c.a(setvbuf.o)
                              C:/nxp/MCUXpressoIDE_11.10.0_3148/ide/plugins/com.nxp.mcuxpresso.tools.win32_11.10.0.202311280810/tools/bin/../lib/gcc/arm-none-eabi/13.2.1/../../../../arm-none-eabi/lib/thumb/v6-m/nofp\libcr_c.a(initio.o) (setvbuf)
C:/nxp/MCUXpressoIDE_11.10.0_3148/ide/plugins/com.nxp.mcuxpresso.tools.win32_11.10.0.202311280810/tools/bin/../lib/gcc/arm-none-eabi/13.2.1/../../../../arm-none-eabi/lib/thumb/v6-m/nofp\libcr_c.a(_fdopen.o)
                              C:/nxp/MCUXpressoIDE_11.10.0_3148/ide/plugins/com.nxp.mcuxpresso.tools.win32_11.10.0.202311280810/tools/bin/../lib/gcc/arm-none-eabi/13.2.1/../../../../arm-none-eabi/lib/thumb/v6-m/nofp\libcr_c.a(initio.o) (_fdopen)
C:/nxp/MCUXpressoIDE_11.10.0_3148/ide/plugins/com.nxp.mcuxpresso.tools.win32_11.10.0.202311280810/tools/bin/../lib/gcc/arm-none-eabi/13.2.1/../../../../arm-none-eabi/lib/thumb/v6-m/nofp\libcr_c.a(fclose.o)
                              C:/nxp/MCUXpressoIDE_11.10.0_3148/ide/plugins/com.nxp.mcuxpresso.tools.win32_11.10.0.202311280810/tools/bin/../lib/gcc/arm-none-eabi/13.2.1/../../../../arm-none-eabi/lib/thumb/v6-m/nofp\libcr_c.a(initio.o) (fclose)
C:/nxp/MCUXpressoIDE_11.10.0_3148/ide/plugins/com.nxp.mcuxpresso.tools.win32_11.10.0.202311280810/tools/bin/../lib/gcc/arm-none-eabi/13.2.1/../../../../arm-none-eabi/lib/thumb/v6-m/nofp\libcr_c.a(fflush.o)
                              C:/nxp/MCUXpressoIDE_11.10.0_3148/ide/plugins/com.nxp.mcuxpresso.tools.win32_11.10.0.202311280810/tools/bin/../lib/gcc/arm-none-eabi/13.2.1/../../../../arm-none-eabi/lib/thumb/v6-m/nofp\libcr_c.a(fclose.o) (fflush)
C:/nxp/MCUXpressoIDE_11.10.0_3148/ide/plugins/com.nxp.mcuxpresso.tools.win32_11.10.0.202311280810/tools/bin/../lib/gcc/arm-none-eabi/13.2.1/../../../../arm-none-eabi/lib/thumb/v6-m/nofp\libcr_c.a(fseek.o)
                              C:/nxp/MCUXpressoIDE_11.10.0_3148/ide/plugins/com.nxp.mcuxpresso.tools.win32_11.10.0.202311280810/tools/bin/../lib/gcc/arm-none-eabi/13.2.1/../../../../arm-none-eabi/lib/thumb/v6-m/nofp\libcr_c.a(_fdopen.o) (fseek)
C:/nxp/MCUXpressoIDE_11.10.0_3148/ide/plugins/com.nxp.mcuxpresso.tools.win32_11.10.0.202311280810/tools/bin/../lib/gcc/arm-none-eabi/13.2.1/../../../../arm-none-eabi/lib/thumb/v6-m/nofp\libcr_c.a(ftell.o)
                              C:/nxp/MCUXpressoIDE_11.10.0_3148/ide/plugins/com.nxp.mcuxpresso.tools.win32_11.10.0.202311280810/tools/bin/../lib/gcc/arm-none-eabi/13.2.1/../../../../arm-none-eabi/lib/thumb/v6-m/nofp\libcr_c.a(fseek.o) (ftell)
C:/nxp/MCUXpressoIDE_11.10.0_3148/ide/plugins/com.nxp.mcuxpresso.tools.win32_11.10.0.202311280810/tools/bin/../lib/gcc/arm-none-eabi/13.2.1/../../../../arm-none-eabi/lib/thumb/v6-m/nofp\libcr_c.a(remove.o)
                              C:/nxp/MCUXpressoIDE_11.10.0_3148/ide/plugins/com.nxp.mcuxpresso.tools.win32_11.10.0.202311280810/tools/bin/../lib/gcc/arm-none-eabi/13.2.1/../../../../arm-none-eabi/lib/thumb/v6-m/nofp\libcr_c.a(fclose.o) (remove)
C:/nxp/MCUXpressoIDE_11.10.0_3148/ide/plugins/com.nxp.mcuxpresso.tools.win32_11.10.0.202311280810/tools/bin/../lib/gcc/arm-none-eabi/13.2.1/../../../../arm-none-eabi/lib/thumb/v6-m/nofp\libcr_c.a(strlen.o)
                              C:/nxp/MCUXpressoIDE_11.10.0_3148/ide/plugins/com.nxp.mcuxpresso.tools.win32_11.10.0.202311280810/tools/bin/../lib/gcc/arm-none-eabi/13.2.1/../../../../arm-none-eabi/lib/thumb/v6-m/nofp\libcr_c.a(remove.o) (strlen)
C:/nxp/MCUXpressoIDE_11.10.0_3148/ide/plugins/com.nxp.mcuxpresso.tools.win32_11.10.0.202311280810/tools/bin/../lib/gcc/arm-none-eabi/13.2.1/../../../../arm-none-eabi/lib/thumb/v6-m/nofp\libcr_c.a(memset.o)
                              C:/nxp/MCUXpressoIDE_11.10.0_3148/ide/plugins/com.nxp.mcuxpresso.tools.win32_11.10.0.202311280810/tools/bin/../lib/gcc/arm-none-eabi/13.2.1/../../../../arm-none-eabi/lib/thumb/v6-m/nofp\libcr_c.a(fclose.o) (memset)
[...]
Memory Configuration

Name             Origin             Length             Attributes
PROGRAM_FLASH    0x00000000         0x00010000         xr
SRAM             0x1ffff800         0x00002000         xrw
*default*        0x00000000         0xffffffff

Linker script and memory map

LOAD ./startup/startup_mke16z4.o
LOAD ./source/Ass4.o
LOAD ./source/Ass4_PIT_Timer.o
LOAD ./source/func.o
LOAD ./source/mtb.o
LOAD ./device/system_MKE16Z4.o
START GROUP
LOAD C:/nxp/MCUXpressoIDE_11.10.0_3148/ide/plugins/com.nxp.mcuxpresso.tools.win32_11.10.0.202311280810/tools/bin/../lib/gcc/arm-none-eabi/13.2.1/../../../../arm-none-eabi/lib/thumb/v6-m/nofp\libcr_nohost_nf.a
LOAD C:/nxp/MCUXpressoIDE_11.10.0_3148/ide/plugins/com.nxp.mcuxpresso.tools.win32_11.10.0.202311280810/tools/bin/../lib/gcc/arm-none-eabi/13.2.1/../../../../arm-none-eabi/lib/thumb/v6-m/nofp\libcr_c.a
LOAD C:/nxp/MCUXpressoIDE_11.10.0_3148/ide/plugins/com.nxp.mcuxpresso.tools.win32_11.10.0.202311280810/tools/bin/../lib/gcc/arm-none-eabi/13.2.1/thumb/v6-m/nofp\libcr_eabihelpers.a
LOAD C:/nxp/MCUXpressoIDE_11.10.0_3148/ide/plugins/com.nxp.mcuxpresso.tools.win32_11.10.0.202311280810/tools/bin/../lib/gcc/arm-none-eabi/13.2.1/thumb/v6-m/nofp\libgcc.a
END GROUP
                0x00000000                        __base_PROGRAM_FLASH = 0x0
                0x00000000                        __base_Flash = 0x0
                0x00010000                        __top_PROGRAM_FLASH = 0x10000
                0x00010000                        __top_Flash = 0x10000
                0x1ffff800                        __base_SRAM = 0x1ffff800
                0x1ffff800                        __base_RAM = 0x1ffff800
                0x20001800                        __top_SRAM = 0x20001800
                0x20001800                        __top_RAM = 0x20001800

.text           0x00000000      0xbdc
 FILL mask 0xff
                0x00000000                        __vectors_start__ = ABSOLUTE (.)
 *(SORT_BY_ALIGNMENT(.isr_vector))
 .isr_vector    0x00000000       0xc0 ./startup/startup_mke16z4.o
                0x00000000                g_pfnVectors
                0x00000000                __Vectors
                0x000000c0                        . = ALIGN (0x4)
                0x000000c0                        __section_table_start = .
                0x000000c0                        __data_section_table = .
                0x000000c0        0x4 LONG 0xbdc LOADADDR (.data)
                0x000000c4        0x4 LONG 0x1ffff880 ADDR (.data)
                0x000000c8        0x4 LONG 0x0 SIZEOF (.data)
                0x000000cc                        __data_section_table_end = .
                0x000000cc                        __bss_section_table = .
                0x000000cc        0x4 LONG 0x1ffff880 ADDR (.bss)
                0x000000d0        0x4 LONG 0xbc SIZEOF (.bss)
                0x000000d4                        __bss_section_table_end = .
                0x000000d4                        __section_table_end = .
 *(SORT_BY_ALIGNMENT(.after_vectors*))
 .after_vectors.reset
                0x000000d4       0x4c ./startup/startup_mke16z4.o
                0x000000d4                ResetISR
 .after_vectors.init_data
                0x00000120       0x12 ./startup/startup_mke16z4.o
                0x00000120                data_init
 .after_vectors.init_bss
                0x00000132       0x10 ./startup/startup_mke16z4.o
                0x00000132                bss_init
 .after_vectors
                0x00000142      0x10c ./startup/startup_mke16z4.o
                0x00000142                NMI_Handler
                0x00000144                HardFault_Handler
                0x00000146                SVC_Handler
                0x00000148                PendSV_Handler
                0x0000014a                SysTick_Handler
                0x0000014c                Reserved37_DriverIRQHandler
                0x0000014c                Reserved39_DriverIRQHandler
                0x0000014c                MSCAN_DriverIRQHandler
                0x0000014c                FTM1_DriverIRQHandler
                0x0000014c                LPI2C0_DriverIRQHandler
                0x0000014c                CMP0_DriverIRQHandler
                0x0000014c                ADC0_DriverIRQHandler
                0x0000014c                PWT_LPTMR0_DriverIRQHandler
                0x0000014c                Reserved27_DriverIRQHandler
                0x0000014c                PORTBCD_DriverIRQHandler
                0x0000014c                LPUART0_DriverIRQHandler
                0x0000014c                LPIT0_DriverIRQHandler
                0x0000014c                Reserved17_DriverIRQHandler
                0x0000014c                Reserved16_DriverIRQHandler
                0x0000014c                TSI_DriverIRQHandler
                0x0000014c                FTFA_DriverIRQHandler
                0x0000014c                FTM0_DriverIRQHandler
                0x0000014c                IntDefaultHandler
                0x0000014c                PORTAE_DriverIRQHandler
                0x0000014c                SCG_RCM_DriverIRQHandler
                0x0000014c                Reserved35_DriverIRQHandler
                0x0000014c                LPUART2_DriverIRQHandler
                0x0000014c                LVD_LVW_DriverIRQHandler
                0x0000014c                Reserved25_DriverIRQHandler
                0x0000014c                Reserved19_DriverIRQHandler
                0x0000014c                RTC_DriverIRQHandler
                0x0000014c                LPSPI0_DriverIRQHandler
                0x0000014c                Reserved20_DriverIRQHandler
                0x0000014c                PDB0_DriverIRQHandler
                0x0000014c                LPUART1_DriverIRQHandler
                0x0000014c                WDOG_EWM_DriverIRQHandler
                0x0000014c                Reserved18_DriverIRQHandler
                0x0000014e                Reserved16_IRQHandler
                0x00000156                Reserved17_IRQHandler
                0x0000015e                Reserved18_IRQHandler
                0x00000166                Reserved19_IRQHandler
                0x0000016e                Reserved20_IRQHandler
                0x00000176                FTFA_IRQHandler
                0x0000017e                LVD_LVW_IRQHandler
                0x00000186                PORTAE_IRQHandler
                0x0000018e                LPI2C0_IRQHandler
                0x00000196                Reserved25_IRQHandler
                0x0000019e                LPSPI0_IRQHandler
                0x000001a6                Reserved27_IRQHandler
                0x000001ae                LPUART0_IRQHandler
                0x000001b6                LPUART1_IRQHandler
                0x000001be                LPUART2_IRQHandler
                0x000001c6                ADC0_IRQHandler
                0x000001ce                CMP0_IRQHandler
                0x000001d6                FTM0_IRQHandler
                0x000001de                FTM1_IRQHandler
                0x000001e6                Reserved35_IRQHandler
                0x000001ee                RTC_IRQHandler
                0x000001f6                Reserved37_IRQHandler
                0x00000206                Reserved39_IRQHandler
                0x0000020e                TSI_IRQHandler
                0x00000216                PDB0_IRQHandler
                0x0000021e                PORTBCD_IRQHandler
                0x00000226                SCG_RCM_IRQHandler
                0x0000022e                WDOG_EWM_IRQHandler
                0x00000236                PWT_LPTMR0_IRQHandler
                0x0000023e                MSCAN_Rx_IRQHandler
                0x00000246                MSCAN_ORed_IRQHandler
                0x00000400                        . = 0x400
 *fill*         0x0000024e      0x1b2 ff
                0x00000400                        PROVIDE (__FLASH_CONFIG_START__ = .)
 *(SORT_BY_ALIGNMENT(.FlashConfig))
 .FlashConfig   0x00000400       0x10 ./startup/startup_mke16z4.o
                0x00000400                Flash_Config
                0x00000410                        PROVIDE (__FLASH_CONFIG_END__ = .)
                0x00000001                        ASSERT (! ((__FLASH_CONFIG_START__ == __FLASH_CONFIG_END__)), Linker Flash Config Support Enabled, but no .FlashConfig section provided within application)
 *(SORT_BY_ALIGNMENT(.text*))
 .text.__NVIC_EnableIRQ
                0x00000410       0x34 ./source/func.o
 .text.initLedgreen
                0x00000444       0x4c ./source/func.o
                0x00000444                initLedgreen
 .text.initLedblue
                0x00000490       0x4c ./source/func.o
                0x00000490                initLedblue
 .text.initPIT  0x000004dc       0xa4 ./source/func.o
                0x000004dc                initPIT
 .text.LPIT0_IRQHandler
                0x00000580       0x7c ./source/func.o
                0x00000580                LPIT0_IRQHandler
 .text.SystemInit
                0x000005fc       0x5c ./device/system_MKE16Z4.o
                0x000005fc                SystemInit
 .text._initio  0x00000658       0x7c C:/nxp/MCUXpressoIDE_11.10.0_3148/ide/plugins/com.nxp.mcuxpresso.tools.win32_11.10.0.202311280810/tools/bin/../lib/gcc/arm-none-eabi/13.2.1/../../../../arm-none-eabi/lib/thumb/v6-m/nofp\libcr_c.a(initio.o)
                0x00000658                _initio
 .text.setvbuf  0x000006d4       0x4c C:/nxp/MCUXpressoIDE_11.10.0_3148/ide/plugins/com.nxp.mcuxpresso.tools.win32_11.10.0.202311280810/tools/bin/../lib/gcc/arm-none-eabi/13.2.1/../../../../arm-none-eabi/lib/thumb/v6-m/nofp\libcr_c.a(setvbuf.o)
                0x000006d4                setvbuf
 .text._fdopen  0x00000720       0x74 C:/nxp/MCUXpressoIDE_11.10.0_3148/ide/plugins/com.nxp.mcuxpresso.tools.win32_11.10.0.202311280810/tools/bin/../lib/gcc/arm-none-eabi/13.2.1/../../../../arm-none-eabi/lib/thumb/v6-m/nofp\libcr_c.a(_fdopen.o)
                0x00000720                _fdopen
 .text.fclose   0x00000794       0x5c C:/nxp/MCUXpressoIDE_11.10.0_3148/ide/plugins/com.nxp.mcuxpresso.tools.win32_11.10.0.202311280810/tools/bin/../lib/gcc/arm-none-eabi/13.2.1/../../../../arm-none-eabi/lib/thumb/v6-m/nofp\libcr_c.a(fclose.o)
                0x00000794                fclose
 .text.fflush   0x000007f0       0x40 C:/nxp/MCUXpressoIDE_11.10.0_3148/ide/plugins/com.nxp.mcuxpresso.tools.win32_11.10.0.202311280810/tools/bin/../lib/gcc/arm-none-eabi/13.2.1/../../../../arm-none-eabi/lib/thumb/v6-m/nofp\libcr_c.a(fflush.o)
                0x000007f0                fflush
 .text.fseek    0x00000830       0xec C:/nxp/MCUXpressoIDE_11.10.0_3148/ide/plugins/com.nxp.mcuxpresso.tools.win32_11.10.0.202311280810/tools/bin/../lib/gcc/arm-none-eabi/13.2.1/../../../../arm-none-eabi/lib/thumb/v6-m/nofp\libcr_c.a(fseek.o)
                0x00000830                fseek
 .text.ftell    0x0000091c       0x4c C:/nxp/MCUXpressoIDE_11.10.0_3148/ide/plugins/com.nxp.mcuxpresso.tools.win32_11.10.0.202311280810/tools/bin/../lib/gcc/arm-none-eabi/13.2.1/../../../../arm-none-eabi/lib/thumb/v6-m/nofp\libcr_c.a(ftell.o)
                0x0000091c                ftell
 .text.strlen   0x00000968       0x5c C:/nxp/MCUXpressoIDE_11.10.0_3148/ide/plugins/com.nxp.mcuxpresso.tools.win32_11.10.0.202311280810/tools/bin/../lib/gcc/arm-none-eabi/13.2.1/../../../../arm-none-eabi/lib/thumb/v6-m/nofp\libcr_c.a(strlen.o)
                0x00000968                strlen
 .text._do_fflush
                0x000009c4       0x48 C:/nxp/MCUXpressoIDE_11.10.0_3148/ide/plugins/com.nxp.mcuxpresso.tools.win32_11.10.0.202311280810/tools/bin/../lib/gcc/arm-none-eabi/13.2.1/../../../../arm-none-eabi/lib/thumb/v6-m/nofp\libcr_c.a(_do_fflush.o)
                0x000009c4                _do_fflush
 .text._fflush  0x00000a0c       0x5c C:/nxp/MCUXpressoIDE_11.10.0_3148/ide/plugins/com.nxp.mcuxpresso.tools.win32_11.10.0.202311280810/tools/bin/../lib/gcc/arm-none-eabi/13.2.1/../../../../arm-none-eabi/lib/thumb/v6-m/nofp\libcr_c.a(_fflush.o)
                0x00000a0c                _fflush
 .text._Cwritebuf
                0x00000a68       0x68 C:/nxp/MCUXpressoIDE_11.10.0_3148/ide/plugins/com.nxp.mcuxpresso.tools.win32_11.10.0.202311280810/tools/bin/../lib/gcc/arm-none-eabi/13.2.1/../../../../arm-none-eabi/lib/thumb/v6-m/nofp\libcr_c.a(_writebuf.o)
                0x00000a68                _Cwritebuf
 .text._deferredlazyseek
                0x00000ad0       0x40 C:/nxp/MCUXpressoIDE_11.10.0_3148/ide/plugins/com.nxp.mcuxpresso.tools.win32_11.10.0.202311280810/tools/bin/../lib/gcc/arm-none-eabi/13.2.1/../../../../arm-none-eabi/lib/thumb/v6-m/nofp\libcr_c.a(_deferredlazyseek.o)
                0x00000ad0                _deferredlazyseek
 .text.main     0x00000b10       0x14 ./source/Ass4.o
                0x00000b10                main
 .text.SystemInitHook
                0x00000b24        0xa ./device/system_MKE16Z4.o
                0x00000b24                SystemInitHook
 .text.__main   0x00000b2e        0xc C:/nxp/MCUXpressoIDE_11.10.0_3148/ide/plugins/com.nxp.mcuxpresso.tools.win32_11.10.0.202311280810/tools/bin/../lib/gcc/arm-none-eabi/13.2.1/../../../../arm-none-eabi/lib/thumb/v6-m/nofp\libcr_nohost_nf.a(_cr__main.o)
                0x00000b2e                __main
 .text.remove   0x00000b3a       0x12 C:/nxp/MCUXpressoIDE_11.10.0_3148/ide/plugins/com.nxp.mcuxpresso.tools.win32_11.10.0.202311280810/tools/bin/../lib/gcc/arm-none-eabi/13.2.1/../../../../arm-none-eabi/lib/thumb/v6-m/nofp\libcr_c.a(remove.o)
                0x00000b3a                remove
 .text.memset   0x00000b4c        0x8 C:/nxp/MCUXpressoIDE_11.10.0_3148/ide/plugins/com.nxp.mcuxpresso.tools.win32_11.10.0.202311280810/tools/bin/../lib/gcc/arm-none-eabi/13.2.1/../../../../arm-none-eabi/lib/thumb/v6-m/nofp\libcr_c.a(memset.o)
                0x00000b4c                memset
 .text.free     0x00000b54       0x2c C:/nxp/MCUXpressoIDE_11.10.0_3148/ide/plugins/com.nxp.mcuxpresso.tools.win32_11.10.0.202311280810/tools/bin/../lib/gcc/arm-none-eabi/13.2.1/../../../../arm-none-eabi/lib/thumb/v6-m/nofp\libcr_c.a(alloc.o)
                0x00000b54                free
 .text.__aeabi_memset_lowlevel
                0x00000b80       0x2a C:/nxp/MCUXpressoIDE_11.10.0_3148/ide/plugins/com.nxp.mcuxpresso.tools.win32_11.10.0.202311280810/tools/bin/../lib/gcc/arm-none-eabi/13.2.1/thumb/v6-m/nofp\libcr_eabihelpers.a(memcpy.o)
                0x00000b80                __aeabi_lowlevel_memset
 .text.__sys_close
                0x00000baa        0x6 C:/nxp/MCUXpressoIDE_11.10.0_3148/ide/plugins/com.nxp.mcuxpresso.tools.win32_11.10.0.202311280810/tools/bin/../lib/gcc/arm-none-eabi/13.2.1/../../../../arm-none-eabi/lib/thumb/v6-m/nofp\libcr_nohost_nf.a(__sys_close.o)
                0x00000baa                __sys_close
 .text.__sys_flen
                0x00000bb0        0x6 C:/nxp/MCUXpressoIDE_11.10.0_3148/ide/plugins/com.nxp.mcuxpresso.tools.win32_11.10.0.202311280810/tools/bin/../lib/gcc/arm-none-eabi/13.2.1/../../../../arm-none-eabi/lib/thumb/v6-m/nofp\libcr_nohost_nf.a(__sys_flen.o)
                0x00000bb0                __sys_flen
 .text.__sys_istty
                0x00000bb6        0x6 C:/nxp/MCUXpressoIDE_11.10.0_3148/ide/plugins/com.nxp.mcuxpresso.tools.win32_11.10.0.202311280810/tools/bin/../lib/gcc/arm-none-eabi/13.2.1/../../../../arm-none-eabi/lib/thumb/v6-m/nofp\libcr_nohost_nf.a(__sys_istty.o)
                0x00000bb6                __sys_istty
 .text.__sys_remove
                0x00000bbc        0x6 C:/nxp/MCUXpressoIDE_11.10.0_3148/ide/plugins/com.nxp.mcuxpresso.tools.win32_11.10.0.202311280810/tools/bin/../lib/gcc/arm-none-eabi/13.2.1/../../../../arm-none-eabi/lib/thumb/v6-m/nofp\libcr_nohost_nf.a(__sys_remove.o)
                0x00000bbc                __sys_remove
 .text.__sys_seek
                0x00000bc2        0x6 C:/nxp/MCUXpressoIDE_11.10.0_3148/ide/plugins/com.nxp.mcuxpresso.tools.win32_11.10.0.202311280810/tools/bin/../lib/gcc/arm-none-eabi/13.2.1/../../../../arm-none-eabi/lib/thumb/v6-m/nofp\libcr_nohost_nf.a(__sys_seek.o)
                0x00000bc2                __sys_seek
 .text.__sys_tmpnam
                0x00000bc8        0x6 C:/nxp/MCUXpressoIDE_11.10.0_3148/ide/plugins/com.nxp.mcuxpresso.tools.win32_11.10.0.202311280810/tools/bin/../lib/gcc/arm-none-eabi/13.2.1/../../../../arm-none-eabi/lib/thumb/v6-m/nofp\libcr_nohost_nf.a(__sys_tmpnam.o)
                0x00000bc8                __sys_tmpnam
 .text.__sys_write
                0x00000bce        0x4 C:/nxp/MCUXpressoIDE_11.10.0_3148/ide/plugins/com.nxp.mcuxpresso.tools.win32_11.10.0.202311280810/tools/bin/../lib/gcc/arm-none-eabi/13.2.1/../../../../arm-none-eabi/lib/thumb/v6-m/nofp\libcr_nohost_nf.a(__sys_write.o)
                0x00000bce                __sys_write
 *(SORT_BY_ALIGNMENT(.rodata) SORT_BY_ALIGNMENT(.rodata.*) SORT_BY_ALIGNMENT(.constdata) SORT_BY_ALIGNMENT(.constdata.*))
 *fill*         0x00000bd2        0x2 ff
 .rodata.__num_Ciob_streams
                0x00000bd4        0x4 C:/nxp/MCUXpressoIDE_11.10.0_3148/ide/plugins/com.nxp.mcuxpresso.tools.win32_11.10.0.202311280810/tools/bin/../lib/gcc/arm-none-eabi/13.2.1/../../../../arm-none-eabi/lib/thumb/v6-m/nofp\libcr_nohost_nf.a(__ciob.o)
                0x00000bd4                __num_Ciob_streams
 .rodata._initio.str1.1
                0x00000bd8        0x4 C:/nxp/MCUXpressoIDE_11.10.0_3148/ide/plugins/com.nxp.mcuxpresso.tools.win32_11.10.0.202311280810/tools/bin/../lib/gcc/arm-none-eabi/13.2.1/../../../../arm-none-eabi/lib/thumb/v6-m/nofp\libcr_c.a(initio.o)
                0x00000bdc                        . = ALIGN (0x4)

.glue_7         0x00000bdc        0x0
 .glue_7        0x00000bdc        0x0 linker stubs

.glue_7t        0x00000bdc        0x0
 .glue_7t       0x00000bdc        0x0 linker stubs

.vfp11_veneer   0x00000bdc        0x0
 .vfp11_veneer  0x00000bdc        0x0 linker stubs

.v4_bx          0x00000bdc        0x0
 .v4_bx         0x00000bdc        0x0 linker stubs

.iplt           0x00000bdc        0x0
 .iplt          0x00000bdc        0x0 ./startup/startup_mke16z4.o

.rel.dyn        0x00000bdc        0x0
 .rel.iplt      0x00000bdc        0x0 ./startup/startup_mke16z4.o

.ARM.extab
 *(SORT_BY_ALIGNMENT(.ARM.extab*) SORT_BY_ALIGNMENT(.gnu.linkonce.armextab.*))

.ARM.exidx      0x00000bdc        0x0
                0x00000bdc                        __exidx_start = .
 *(SORT_BY_ALIGNMENT(.ARM.exidx*) SORT_BY_ALIGNMENT(.gnu.linkonce.armexidx.*))
                0x00000bdc                        __exidx_end = .
                0x00000bdc                        _etext = .

.mtb_buffer_default
                0x1ffff800       0x80
 *(SORT_BY_ALIGNMENT(.mtb*))
 .mtb.$RAM1     0x1ffff800       0x80 ./source/mtb.o
                0x1ffff800                __mtb_buffer__

.uninit_RESERVED
                0x1ffff880        0x0
                0x1ffff880                        _start_uninit_RESERVED = .
 *(SORT_BY_ALIGNMENT(.bss.$RESERVED*))
                0x1ffff880                        . = ALIGN (0x4)
                0x1ffff880                        _end_uninit_RESERVED = .

.data           0x1ffff880        0x0 load address 0x00000bdc
 FILL mask 0xff
                0x1ffff880                        _data = .
                [!provide]                        PROVIDE (__start_data_RAM = .)
                [!provide]                        PROVIDE (__start_data_SRAM = .)
 *(SORT_BY_ALIGNMENT(vtable))
 *(SORT_BY_ALIGNMENT(.ramfunc*))
 *(SORT_BY_ALIGNMENT(CodeQuickAccess))
 *(SORT_BY_ALIGNMENT(DataQuickAccess))
 *(SORT_BY_ALIGNMENT(RamFunction))
 *(SORT_BY_ALIGNMENT(.data*))
                0x1ffff880                        . = ALIGN (0x4)
                0x1ffff880                        _edata = .
                [!provide]                        PROVIDE (__end_data_RAM = .)
                [!provide]                        PROVIDE (__end_data_SRAM = .)

.igot.plt       0x1ffff880        0x0 load address 0x00000bdc
 .igot.plt      0x1ffff880        0x0 ./startup/startup_mke16z4.o

.bss            0x1ffff880       0xbc
                0x1ffff880                        _bss = .
                [!provide]                        PROVIDE (__start_bss_RAM = .)
                [!provide]                        PROVIDE (__start_bss_SRAM = .)
 *(SORT_BY_ALIGNMENT(.bss*))
 .bss.counter.0
                0x1ffff880        0x4 ./source/func.o
 .bss.errno     0x1ffff884        0x4 C:/nxp/MCUXpressoIDE_11.10.0_3148/ide/plugins/com.nxp.mcuxpresso.tools.win32_11.10.0.202311280810/tools/bin/../lib/gcc/arm-none-eabi/13.2.1/../../../../arm-none-eabi/lib/thumb/v6-m/nofp\libcr_c.a(errno.o)
                0x1ffff884                errno
 .bss.__Ciob    0x1ffff888       0xb4 C:/nxp/MCUXpressoIDE_11.10.0_3148/ide/plugins/com.nxp.mcuxpresso.tools.win32_11.10.0.202311280810/tools/bin/../lib/gcc/arm-none-eabi/13.2.1/../../../../arm-none-eabi/lib/thumb/v6-m/nofp\libcr_nohost_nf.a(__ciob.o)
                0x1ffff888                __Ciob
 *(SORT_BY_ALIGNMENT(COMMON))
                0x1ffff93c                        . = ALIGN (0x4)
                0x1ffff93c                        _ebss = .
                [!provide]                        PROVIDE (__end_bss_RAM = .)
                [!provide]                        PROVIDE (__end_bss_SRAM = .)
                [!provide]                        PROVIDE (end = .)

.noinit         0x1ffff93c        0x0
                0x1ffff93c                        _noinit = .
                [!provide]                        PROVIDE (__start_noinit_RAM = .)
                [!provide]                        PROVIDE (__start_noinit_SRAM = .)
 *(SORT_BY_ALIGNMENT(.noinit*))
                0x1ffff93c                        . = ALIGN (0x4)
                0x1ffff93c                        _end_noinit = .
                [!provide]                        PROVIDE (__end_noinit_RAM = .)
                [!provide]                        PROVIDE (__end_noinit_SRAM = .)
                0x00000200                        _HeapSize = 0x200

.heap           0x1ffff93c      0x200
                0x1ffff93c                        _pvHeapStart = .
                0x1ffffb3c                        . = (. + _HeapSize)
 *fill*         0x1ffff93c      0x200 
                0x1ffffb3c                        . = ALIGN (0x4)
                0x1ffffb3c                        _pvHeapLimit = .
                0x00000200                        _StackSize = 0x200

.heap2stackfill
                0x1ffffb3c      0x200
                0x1ffffd3c                        . = (. + _StackSize)
 *fill*         0x1ffffb3c      0x200 

.stack          0x20001600        0x0
                0x20001600                        _vStackBase = .
                0x20001600                        . = ALIGN (0x4)
                0x20001800                        _vStackTop = (. + _StackSize)
                0x00000000                        _image_start = LOADADDR (.text)
                0x00000bdc                        _image_end = (LOADADDR (.data) + SIZEOF (.data))
                0x00000bdc                        _image_size = (_image_end - _image_start)
OUTPUT(Ass4_PIT_Timer.axf elf32-littlearm)
LOAD linker stubs

.debug_info     0x00000000     0x3c1c
 .debug_info    0x00000000      0x688 ./startup/startup_mke16z4.o
 .debug_info    0x00000688       0x9e ./source/Ass4.o
 .debug_info    0x00000726      0x798 ./source/func.o
 .debug_info    0x00000ebe       0x53 ./source/mtb.o
 .debug_info    0x00000f11      0x383 ./device/system_MKE16Z4.o
 .debug_info    0x00001294       0x85 C:/nxp/MCUXpressoIDE_11.10.0_3148/ide/plugins/com.nxp.mcuxpresso.tools.win32_11.10.0.202311280810/tools/bin/../lib/gcc/arm-none-eabi/13.2.1/../../../../arm-none-eabi/lib/thumb/v6-m/nofp\libcr_nohost_nf.a(_cr__main.o)
 .debug_info    0x00001319      0x353 C:/nxp/MCUXpressoIDE_11.10.0_3148/ide/plugins/com.nxp.mcuxpresso.tools.win32_11.10.0.202311280810/tools/bin/../lib/gcc/arm-none-eabi/13.2.1/../../../../arm-none-eabi/lib/thumb/v6-m/nofp\libcr_c.a(initio.o)
 .debug_info    0x0000166c      0x1fd C:/nxp/MCUXpressoIDE_11.10.0_3148/ide/plugins/com.nxp.mcuxpresso.tools.win32_11.10.0.202311280810/tools/bin/../lib/gcc/arm-none-eabi/13.2.1/../../../../arm-none-eabi/lib/thumb/v6-m/nofp\libcr_c.a(setvbuf.o)
 .debug_info    0x00001869      0x24b C:/nxp/MCUXpressoIDE_11.10.0_3148/ide/plugins/com.nxp.mcuxpresso.tools.win32_11.10.0.202311280810/tools/bin/../lib/gcc/arm-none-eabi/13.2.1/../../../../arm-none-eabi/lib/thumb/v6-m/nofp\libcr_c.a(_fdopen.o)
 .debug_info    0x00001ab4      0x325 C:/nxp/MCUXpressoIDE_11.10.0_3148/ide/plugins/com.nxp.mcuxpresso.tools.win32_11.10.0.202311280810/tools/bin/../lib/gcc/arm-none-eabi/13.2.1/../../../../arm-none-eabi/lib/thumb/v6-m/nofp\libcr_c.a(fclose.o)
 .debug_info    0x00001dd9      0x210 C:/nxp/MCUXpressoIDE_11.10.0_3148/ide/plugins/com.nxp.mcuxpresso.tools.win32_11.10.0.202311280810/tools/bin/../lib/gcc/arm-none-eabi/13.2.1/../../../../arm-none-eabi/lib/thumb/v6-m/nofp\libcr_c.a(fflush.o)
 .debug_info    0x00001fe9      0x27f C:/nxp/MCUXpressoIDE_11.10.0_3148/ide/plugins/com.nxp.mcuxpresso.tools.win32_11.10.0.202311280810/tools/bin/../lib/gcc/arm-none-eabi/13.2.1/../../../../arm-none-eabi/lib/thumb/v6-m/nofp\libcr_c.a(fseek.o)
 .debug_info    0x00002268      0x197 C:/nxp/MCUXpressoIDE_11.10.0_3148/ide/plugins/com.nxp.mcuxpresso.tools.win32_11.10.0.202311280810/tools/bin/../lib/gcc/arm-none-eabi/13.2.1/../../../../arm-none-eabi/lib/thumb/v6-m/nofp\libcr_c.a(ftell.o)
 .debug_info    0x000023ff      0x1d0 C:/nxp/MCUXpressoIDE_11.10.0_3148/ide/plugins/com.nxp.mcuxpresso.tools.win32_11.10.0.202311280810/tools/bin/../lib/gcc/arm-none-eabi/13.2.1/../../../../arm-none-eabi/lib/thumb/v6-m/nofp\libcr_c.a(remove.o)
 .debug_info    0x000025cf       0xdd C:/nxp/MCUXpressoIDE_11.10.0_3148/ide/plugins/com.nxp.mcuxpresso.tools.win32_11.10.0.202311280810/tools/bin/../lib/gcc/arm-none-eabi/13.2.1/../../../../arm-none-eabi/lib/thumb/v6-m/nofp\libcr_c.a(strlen.o)
 .debug_info    0x000026ac       0xfc C:/nxp/MCUXpressoIDE_11.10.0_3148/ide/plugins/com.nxp.mcuxpresso.tools.win32_11.10.0.202311280810/tools/bin/../lib/gcc/arm-none-eabi/13.2.1/../../../../arm-none-eabi/lib/thumb/v6-m/nofp\libcr_c.a(memset.o)
 .debug_info    0x000027a8      0x241 C:/nxp/MCUXpressoIDE_11.10.0_3148/ide/plugins/com.nxp.mcuxpresso.tools.win32_11.10.0.202311280810/tools/bin/../lib/gcc/arm-none-eabi/13.2.1/../../../../arm-none-eabi/lib/thumb/v6-m/nofp\libcr_c.a(_do_fflush.o)
 .debug_info    0x000029e9      0x1ea C:/nxp/MCUXpressoIDE_11.10.0_3148/ide/plugins/com.nxp.mcuxpresso.tools.win32_11.10.0.202311280810/tools/bin/../lib/gcc/arm-none-eabi/13.2.1/../../../../arm-none-eabi/lib/thumb/v6-m/nofp\libcr_c.a(_fflush.o)
 .debug_info    0x00002bd3      0x28a C:/nxp/MCUXpressoIDE_11.10.0_3148/ide/plugins/com.nxp.mcuxpresso.tools.win32_11.10.0.202311280810/tools/bin/../lib/gcc/arm-none-eabi/13.2.1/../../../../arm-none-eabi/lib/thumb/v6-m/nofp\libcr_c.a(_writebuf.o)
 .debug_info    0x00002e5d      0x526 C:/nxp/MCUXpressoIDE_11.10.0_3148/ide/plugins/com.nxp.mcuxpresso.tools.win32_11.10.0.202311280810/tools/bin/../lib/gcc/arm-none-eabi/13.2.1/../../../../arm-none-eabi/lib/thumb/v6-m/nofp\libcr_c.a(alloc.o)
 .debug_info    0x00003383       0x44 C:/nxp/MCUXpressoIDE_11.10.0_3148/ide/plugins/com.nxp.mcuxpresso.tools.win32_11.10.0.202311280810/tools/bin/../lib/gcc/arm-none-eabi/13.2.1/../../../../arm-none-eabi/lib/thumb/v6-m/nofp\libcr_c.a(errno.o)
 .debug_info    0x000033c7      0x364 C:/nxp/MCUXpressoIDE_11.10.0_3148/ide/plugins/com.nxp.mcuxpresso.tools.win32_11.10.0.202311280810/tools/bin/../lib/gcc/arm-none-eabi/13.2.1/../../../../arm-none-eabi/lib/thumb/v6-m/nofp\libcr_c.a(_deferredlazyseek.o)
 .debug_info    0x0000372b      0x18b C:/nxp/MCUXpressoIDE_11.10.0_3148/ide/plugins/com.nxp.mcuxpresso.tools.win32_11.10.0.202311280810/tools/bin/../lib/gcc/arm-none-eabi/13.2.1/../../../../arm-none-eabi/lib/thumb/v6-m/nofp\libcr_nohost_nf.a(__ciob.o)
 .debug_info    0x000038b6       0x6a C:/nxp/MCUXpressoIDE_11.10.0_3148/ide/plugins/com.nxp.mcuxpresso.tools.win32_11.10.0.202311280810/tools/bin/../lib/gcc/arm-none-eabi/13.2.1/../../../../arm-none-eabi/lib/thumb/v6-m/nofp\libcr_nohost_nf.a(__sys_close.o)
 .debug_info    0x00003920       0x6a C:/nxp/MCUXpressoIDE_11.10.0_3148/ide/plugins/com.nxp.mcuxpresso.tools.win32_11.10.0.202311280810/tools/bin/../lib/gcc/arm-none-eabi/13.2.1/../../../../arm-none-eabi/lib/thumb/v6-m/nofp\libcr_nohost_nf.a(__sys_flen.o)
 .debug_info    0x0000398a       0x6a C:/nxp/MCUXpressoIDE_11.10.0_3148/ide/plugins/com.nxp.mcuxpresso.tools.win32_11.10.0.202311280810/tools/bin/../lib/gcc/arm-none-eabi/13.2.1/../../../../arm-none-eabi/lib/thumb/v6-m/nofp\libcr_nohost_nf.a(__sys_istty.o)
 .debug_info    0x000039f4       0x8a C:/nxp/MCUXpressoIDE_11.10.0_3148/ide/plugins/com.nxp.mcuxpresso.tools.win32_11.10.0.202311280810/tools/bin/../lib/gcc/arm-none-eabi/13.2.1/../../../../arm-none-eabi/lib/thumb/v6-m/nofp\libcr_nohost_nf.a(__sys_remove.o)
 .debug_info    0x00003a7e       0x78 C:/nxp/MCUXpressoIDE_11.10.0_3148/ide/plugins/com.nxp.mcuxpresso.tools.win32_11.10.0.202311280810/tools/bin/../lib/gcc/arm-none-eabi/13.2.1/../../../../arm-none-eabi/lib/thumb/v6-m/nofp\libcr_nohost_nf.a(__sys_seek.o)
 .debug_info    0x00003af6       0x93 C:/nxp/MCUXpressoIDE_11.10.0_3148/ide/plugins/com.nxp.mcuxpresso.tools.win32_11.10.0.202311280810/tools/bin/../lib/gcc/arm-none-eabi/13.2.1/../../../../arm-none-eabi/lib/thumb/v6-m/nofp\libcr_nohost_nf.a(__sys_tmpnam.o)
 .debug_info    0x00003b89       0x93 C:/nxp/MCUXpressoIDE_11.10.0_3148/ide/plugins/com.nxp.mcuxpresso.tools.win32_11.10.0.202311280810/tools/bin/../lib/gcc/arm-none-eabi/13.2.1/../../../../arm-none-eabi/lib/thumb/v6-m/nofp\libcr_nohost_nf.a(__sys_write.o)

.debug_abbrev   0x00000000     0x1a35
 .debug_abbrev  0x00000000      0x1a7 ./startup/startup_mke16z4.o
 .debug_abbrev  0x000001a7       0x5c ./source/Ass4.o
 .debug_abbrev  0x00000203      0x187 ./source/func.o
 .debug_abbrev  0x0000038a       0x46 ./source/mtb.o
 .debug_abbrev  0x000003d0      0x148 ./device/system_MKE16Z4.o
 .debug_abbrev  0x00000518       0x62 C:/nxp/MCUXpressoIDE_11.10.0_3148/ide/plugins/com.nxp.mcuxpresso.tools.win32_11.10.0.202311280810/tools/bin/../lib/gcc/arm-none-eabi/13.2.1/../../../../arm-none-eabi/lib/thumb/v6-m/nofp\libcr_nohost_nf.a(_cr__main.o)
 .debug_abbrev  0x0000057a      0x14b C:/nxp/MCUXpressoIDE_11.10.0_3148/ide/plugins/com.nxp.mcuxpresso.tools.win32_11.10.0.202311280810/tools/bin/../lib/gcc/arm-none-eabi/13.2.1/../../../../arm-none-eabi/lib/thumb/v6-m/nofp\libcr_c.a(initio.o)
 .debug_abbrev  0x000006c5       0xe1 C:/nxp/MCUXpressoIDE_11.10.0_3148/ide/plugins/com.nxp.mcuxpresso.tools.win32_11.10.0.202311280810/tools/bin/../lib/gcc/arm-none-eabi/13.2.1/../../../../arm-none-eabi/lib/thumb/v6-m/nofp\libcr_c.a(setvbuf.o)
 .debug_abbrev  0x000007a6      0x119 C:/nxp/MCUXpressoIDE_11.10.0_3148/ide/plugins/com.nxp.mcuxpresso.tools.win32_11.10.0.202311280810/tools/bin/../lib/gcc/arm-none-eabi/13.2.1/../../../../arm-none-eabi/lib/thumb/v6-m/nofp\libcr_c.a(_fdopen.o)
 .debug_abbrev  0x000008bf      0x158 C:/nxp/MCUXpressoIDE_11.10.0_3148/ide/plugins/com.nxp.mcuxpresso.tools.win32_11.10.0.202311280810/tools/bin/../lib/gcc/arm-none-eabi/13.2.1/../../../../arm-none-eabi/lib/thumb/v6-m/nofp\libcr_c.a(fclose.o)
 .debug_abbrev  0x00000a17      0x122 C:/nxp/MCUXpressoIDE_11.10.0_3148/ide/plugins/com.nxp.mcuxpresso.tools.win32_11.10.0.202311280810/tools/bin/../lib/gcc/arm-none-eabi/13.2.1/../../../../arm-none-eabi/lib/thumb/v6-m/nofp\libcr_c.a(fflush.o)
 .debug_abbrev  0x00000b39      0x11b C:/nxp/MCUXpressoIDE_11.10.0_3148/ide/plugins/com.nxp.mcuxpresso.tools.win32_11.10.0.202311280810/tools/bin/../lib/gcc/arm-none-eabi/13.2.1/../../../../arm-none-eabi/lib/thumb/v6-m/nofp\libcr_c.a(fseek.o)
 .debug_abbrev  0x00000c54       0xc2 C:/nxp/MCUXpressoIDE_11.10.0_3148/ide/plugins/com.nxp.mcuxpresso.tools.win32_11.10.0.202311280810/tools/bin/../lib/gcc/arm-none-eabi/13.2.1/../../../../arm-none-eabi/lib/thumb/v6-m/nofp\libcr_c.a(ftell.o)
 .debug_abbrev  0x00000d16       0xed C:/nxp/MCUXpressoIDE_11.10.0_3148/ide/plugins/com.nxp.mcuxpresso.tools.win32_11.10.0.202311280810/tools/bin/../lib/gcc/arm-none-eabi/13.2.1/../../../../arm-none-eabi/lib/thumb/v6-m/nofp\libcr_c.a(remove.o)
 .debug_abbrev  0x00000e03       0xa5 C:/nxp/MCUXpressoIDE_11.10.0_3148/ide/plugins/com.nxp.mcuxpresso.tools.win32_11.10.0.202311280810/tools/bin/../lib/gcc/arm-none-eabi/13.2.1/../../../../arm-none-eabi/lib/thumb/v6-m/nofp\libcr_c.a(strlen.o)
 .debug_abbrev  0x00000ea8       0xa5 C:/nxp/MCUXpressoIDE_11.10.0_3148/ide/plugins/com.nxp.mcuxpresso.tools.win32_11.10.0.202311280810/tools/bin/../lib/gcc/arm-none-eabi/13.2.1/../../../../arm-none-eabi/lib/thumb/v6-m/nofp\libcr_c.a(memset.o)
 .debug_abbrev  0x00000f4d      0x12c C:/nxp/MCUXpressoIDE_11.10.0_3148/ide/plugins/com.nxp.mcuxpresso.tools.win32_11.10.0.202311280810/tools/bin/../lib/gcc/arm-none-eabi/13.2.1/../../../../arm-none-eabi/lib/thumb/v6-m/nofp\libcr_c.a(_do_fflush.o)
 .debug_abbrev  0x00001079       0xf1 C:/nxp/MCUXpressoIDE_11.10.0_3148/ide/plugins/com.nxp.mcuxpresso.tools.win32_11.10.0.202311280810/tools/bin/../lib/gcc/arm-none-eabi/13.2.1/../../../../arm-none-eabi/lib/thumb/v6-m/nofp\libcr_c.a(_fflush.o)
 .debug_abbrev  0x0000116a      0x126 C:/nxp/MCUXpressoIDE_11.10.0_3148/ide/plugins/com.nxp.mcuxpresso.tools.win32_11.10.0.202311280810/tools/bin/../lib/gcc/arm-none-eabi/13.2.1/../../../../arm-none-eabi/lib/thumb/v6-m/nofp\libcr_c.a(_writebuf.o)
 .debug_abbrev  0x00001290      0x27b C:/nxp/MCUXpressoIDE_11.10.0_3148/ide/plugins/com.nxp.mcuxpresso.tools.win32_11.10.0.202311280810/tools/bin/../lib/gcc/arm-none-eabi/13.2.1/../../../../arm-none-eabi/lib/thumb/v6-m/nofp\libcr_c.a(alloc.o)
 .debug_abbrev  0x0000150b       0x44 C:/nxp/MCUXpressoIDE_11.10.0_3148/ide/plugins/com.nxp.mcuxpresso.tools.win32_11.10.0.202311280810/tools/bin/../lib/gcc/arm-none-eabi/13.2.1/../../../../arm-none-eabi/lib/thumb/v6-m/nofp\libcr_c.a(errno.o)
 .debug_abbrev  0x0000154f      0x147 C:/nxp/MCUXpressoIDE_11.10.0_3148/ide/plugins/com.nxp.mcuxpresso.tools.win32_11.10.0.202311280810/tools/bin/../lib/gcc/arm-none-eabi/13.2.1/../../../../arm-none-eabi/lib/thumb/v6-m/nofp\libcr_c.a(_deferredlazyseek.o)
 .debug_abbrev  0x00001696       0xb5 C:/nxp/MCUXpressoIDE_11.10.0_3148/ide/plugins/com.nxp.mcuxpresso.tools.win32_11.10.0.202311280810/tools/bin/../lib/gcc/arm-none-eabi/13.2.1/../../../../arm-none-eabi/lib/thumb/v6-m/nofp\libcr_nohost_nf.a(__ciob.o)
 .debug_abbrev  0x0000174b       0x5c C:/nxp/MCUXpressoIDE_11.10.0_3148/ide/plugins/com.nxp.mcuxpresso.tools.win32_11.10.0.202311280810/tools/bin/../lib/gcc/arm-none-eabi/13.2.1/../../../../arm-none-eabi/lib/thumb/v6-m/nofp\libcr_nohost_nf.a(__sys_close.o)
 .debug_abbrev  0x000017a7       0x5c C:/nxp/MCUXpressoIDE_11.10.0_3148/ide/plugins/com.nxp.mcuxpresso.tools.win32_11.10.0.202311280810/tools/bin/../lib/gcc/arm-none-eabi/13.2.1/../../../../arm-none-eabi/lib/thumb/v6-m/nofp\libcr_nohost_nf.a(__sys_flen.o)
 .debug_abbrev  0x00001803       0x5c C:/nxp/MCUXpressoIDE_11.10.0_3148/ide/plugins/com.nxp.mcuxpresso.tools.win32_11.10.0.202311280810/tools/bin/../lib/gcc/arm-none-eabi/13.2.1/../../../../arm-none-eabi/lib/thumb/v6-m/nofp\libcr_nohost_nf.a(__sys_istty.o)
 .debug_abbrev  0x0000185f       0x7d C:/nxp/MCUXpressoIDE_11.10.0_3148/ide/plugins/com.nxp.mcuxpresso.tools.win32_11.10.0.202311280810/tools/bin/../lib/gcc/arm-none-eabi/13.2.1/../../../../arm-none-eabi/lib/thumb/v6-m/nofp\libcr_nohost_nf.a(__sys_remove.o)
 .debug_abbrev  0x000018dc       0x6d C:/nxp/MCUXpressoIDE_11.10.0_3148/ide/plugins/com.nxp.mcuxpresso.tools.win32_11.10.0.202311280810/tools/bin/../lib/gcc/arm-none-eabi/13.2.1/../../../../arm-none-eabi/lib/thumb/v6-m/nofp\libcr_nohost_nf.a(__sys_seek.o)
 .debug_abbrev  0x00001949       0x76 C:/nxp/MCUXpressoIDE_11.10.0_3148/ide/plugins/com.nxp.mcuxpresso.tools.win32_11.10.0.202311280810/tools/bin/../lib/gcc/arm-none-eabi/13.2.1/../../../../arm-none-eabi/lib/thumb/v6-m/nofp\libcr_nohost_nf.a(__sys_tmpnam.o)
 .debug_abbrev  0x000019bf       0x76 C:/nxp/MCUXpressoIDE_11.10.0_3148/ide/plugins/com.nxp.mcuxpresso.tools.win32_11.10.0.202311280810/tools/bin/../lib/gcc/arm-none-eabi/13.2.1/../../../../arm-none-eabi/lib/thumb/v6-m/nofp\libcr_nohost_nf.a(__sys_write.o)

.debug_loc      0x00000000     0x1963
 .debug_loc     0x00000000      0x1de ./startup/startup_mke16z4.o
 .debug_loc     0x000001de       0x5a C:/nxp/MCUXpressoIDE_11.10.0_3148/ide/plugins/com.nxp.mcuxpresso.tools.win32_11.10.0.202311280810/tools/bin/../lib/gcc/arm-none-eabi/13.2.1/../../../../arm-none-eabi/lib/thumb/v6-m/nofp\libcr_c.a(initio.o)
 .debug_loc     0x00000238      0x15b C:/nxp/MCUXpressoIDE_11.10.0_3148/ide/plugins/com.nxp.mcuxpresso.tools.win32_11.10.0.202311280810/tools/bin/../lib/gcc/arm-none-eabi/13.2.1/../../../../arm-none-eabi/lib/thumb/v6-m/nofp\libcr_c.a(setvbuf.o)
 .debug_loc     0x00000393      0x166 C:/nxp/MCUXpressoIDE_11.10.0_3148/ide/plugins/com.nxp.mcuxpresso.tools.win32_11.10.0.202311280810/tools/bin/../lib/gcc/arm-none-eabi/13.2.1/../../../../arm-none-eabi/lib/thumb/v6-m/nofp\libcr_c.a(_fdopen.o)
 .debug_loc     0x000004f9       0xb8 C:/nxp/MCUXpressoIDE_11.10.0_3148/ide/plugins/com.nxp.mcuxpresso.tools.win32_11.10.0.202311280810/tools/bin/../lib/gcc/arm-none-eabi/13.2.1/../../../../arm-none-eabi/lib/thumb/v6-m/nofp\libcr_c.a(fclose.o)
 .debug_loc     0x000005b1       0xa5 C:/nxp/MCUXpressoIDE_11.10.0_3148/ide/plugins/com.nxp.mcuxpresso.tools.win32_11.10.0.202311280810/tools/bin/../lib/gcc/arm-none-eabi/13.2.1/../../../../arm-none-eabi/lib/thumb/v6-m/nofp\libcr_c.a(fflush.o)
 .debug_loc     0x00000656      0x1c0 C:/nxp/MCUXpressoIDE_11.10.0_3148/ide/plugins/com.nxp.mcuxpresso.tools.win32_11.10.0.202311280810/tools/bin/../lib/gcc/arm-none-eabi/13.2.1/../../../../arm-none-eabi/lib/thumb/v6-m/nofp\libcr_c.a(fseek.o)
 .debug_loc     0x00000816       0x93 C:/nxp/MCUXpressoIDE_11.10.0_3148/ide/plugins/com.nxp.mcuxpresso.tools.win32_11.10.0.202311280810/tools/bin/../lib/gcc/arm-none-eabi/13.2.1/../../../../arm-none-eabi/lib/thumb/v6-m/nofp\libcr_c.a(ftell.o)
 .debug_loc     0x000008a9       0xec C:/nxp/MCUXpressoIDE_11.10.0_3148/ide/plugins/com.nxp.mcuxpresso.tools.win32_11.10.0.202311280810/tools/bin/../lib/gcc/arm-none-eabi/13.2.1/../../../../arm-none-eabi/lib/thumb/v6-m/nofp\libcr_c.a(remove.o)
 .debug_loc     0x00000995      0x114 C:/nxp/MCUXpressoIDE_11.10.0_3148/ide/plugins/com.nxp.mcuxpresso.tools.win32_11.10.0.202311280810/tools/bin/../lib/gcc/arm-none-eabi/13.2.1/../../../../arm-none-eabi/lib/thumb/v6-m/nofp\libcr_c.a(strlen.o)
 .debug_loc     0x00000aa9       0x81 C:/nxp/MCUXpressoIDE_11.10.0_3148/ide/plugins/com.nxp.mcuxpresso.tools.win32_11.10.0.202311280810/tools/bin/../lib/gcc/arm-none-eabi/13.2.1/../../../../arm-none-eabi/lib/thumb/v6-m/nofp\libcr_c.a(memset.o)
 .debug_loc     0x00000b2a       0x89 C:/nxp/MCUXpressoIDE_11.10.0_3148/ide/plugins/com.nxp.mcuxpresso.tools.win32_11.10.0.202311280810/tools/bin/../lib/gcc/arm-none-eabi/13.2.1/../../../../arm-none-eabi/lib/thumb/v6-m/nofp\libcr_c.a(_do_fflush.o)
 .debug_loc     0x00000bb3      0x12a C:/nxp/MCUXpressoIDE_11.10.0_3148/ide/plugins/com.nxp.mcuxpresso.tools.win32_11.10.0.202311280810/tools/bin/../lib/gcc/arm-none-eabi/13.2.1/../../../../arm-none-eabi/lib/thumb/v6-m/nofp\libcr_c.a(_fflush.o)
 .debug_loc     0x00000cdd       0xf3 C:/nxp/MCUXpressoIDE_11.10.0_3148/ide/plugins/com.nxp.mcuxpresso.tools.win32_11.10.0.202311280810/tools/bin/../lib/gcc/arm-none-eabi/13.2.1/../../../../arm-none-eabi/lib/thumb/v6-m/nofp\libcr_c.a(_writebuf.o)
 .debug_loc     0x00000dd0      0x8d7 C:/nxp/MCUXpressoIDE_11.10.0_3148/ide/plugins/com.nxp.mcuxpresso.tools.win32_11.10.0.202311280810/tools/bin/../lib/gcc/arm-none-eabi/13.2.1/../../../../arm-none-eabi/lib/thumb/v6-m/nofp\libcr_c.a(alloc.o)
 .debug_loc     0x000016a7      0x18f C:/nxp/MCUXpressoIDE_11.10.0_3148/ide/plugins/com.nxp.mcuxpresso.tools.win32_11.10.0.202311280810/tools/bin/../lib/gcc/arm-none-eabi/13.2.1/../../../../arm-none-eabi/lib/thumb/v6-m/nofp\libcr_c.a(_deferredlazyseek.o)
 .debug_loc     0x00001836       0x2b C:/nxp/MCUXpressoIDE_11.10.0_3148/ide/plugins/com.nxp.mcuxpresso.tools.win32_11.10.0.202311280810/tools/bin/../lib/gcc/arm-none-eabi/13.2.1/../../../../arm-none-eabi/lib/thumb/v6-m/nofp\libcr_nohost_nf.a(__sys_close.o)
 .debug_loc     0x00001861       0x2b C:/nxp/MCUXpressoIDE_11.10.0_3148/ide/plugins/com.nxp.mcuxpresso.tools.win32_11.10.0.202311280810/tools/bin/../lib/gcc/arm-none-eabi/13.2.1/../../../../arm-none-eabi/lib/thumb/v6-m/nofp\libcr_nohost_nf.a(__sys_flen.o)
 .debug_loc     0x0000188c       0x2b C:/nxp/MCUXpressoIDE_11.10.0_3148/ide/plugins/com.nxp.mcuxpresso.tools.win32_11.10.0.202311280810/tools/bin/../lib/gcc/arm-none-eabi/13.2.1/../../../../arm-none-eabi/lib/thumb/v6-m/nofp\libcr_nohost_nf.a(__sys_istty.o)
 .debug_loc     0x000018b7       0x2b C:/nxp/MCUXpressoIDE_11.10.0_3148/ide/plugins/com.nxp.mcuxpresso.tools.win32_11.10.0.202311280810/tools/bin/../lib/gcc/arm-none-eabi/13.2.1/../../../../arm-none-eabi/lib/thumb/v6-m/nofp\libcr_nohost_nf.a(__sys_remove.o)
 .debug_loc     0x000018e2       0x2b C:/nxp/MCUXpressoIDE_11.10.0_3148/ide/plugins/com.nxp.mcuxpresso.tools.win32_11.10.0.202311280810/tools/bin/../lib/gcc/arm-none-eabi/13.2.1/../../../../arm-none-eabi/lib/thumb/v6-m/nofp\libcr_nohost_nf.a(__sys_seek.o)
 .debug_loc     0x0000190d       0x2b C:/nxp/MCUXpressoIDE_11.10.0_3148/ide/plugins/com.nxp.mcuxpresso.tools.win32_11.10.0.202311280810/tools/bin/../lib/gcc/arm-none-eabi/13.2.1/../../../../arm-none-eabi/lib/thumb/v6-m/nofp\libcr_nohost_nf.a(__sys_tmpnam.o)
 .debug_loc     0x00001938       0x2b C:/nxp/MCUXpressoIDE_11.10.0_3148/ide/plugins/com.nxp.mcuxpresso.tools.win32_11.10.0.202311280810/tools/bin/../lib/gcc/arm-none-eabi/13.2.1/../../../../arm-none-eabi/lib/thumb/v6-m/nofp\libcr_nohost_nf.a(__sys_write.o)

.debug_aranges  0x00000000      0x550
 .debug_aranges
                0x00000000      0x160 ./startup/startup_mke16z4.o
 .debug_aranges
                0x00000160       0x20 ./source/Ass4.o
 .debug_aranges
                0x00000180       0x40 ./source/func.o
 .debug_aranges
                0x000001c0       0x18 ./source/mtb.o
 .debug_aranges
                0x000001d8       0x30 ./device/system_MKE16Z4.o
 .debug_aranges
                0x00000208       0x20 C:/nxp/MCUXpressoIDE_11.10.0_3148/ide/plugins/com.nxp.mcuxpresso.tools.win32_11.10.0.202311280810/tools/bin/../lib/gcc/arm-none-eabi/13.2.1/../../../../arm-none-eabi/lib/thumb/v6-m/nofp\libcr_nohost_nf.a(_cr__main.o)
 .debug_aranges
                0x00000228       0x28 C:/nxp/MCUXpressoIDE_11.10.0_3148/ide/plugins/com.nxp.mcuxpresso.tools.win32_11.10.0.202311280810/tools/bin/../lib/gcc/arm-none-eabi/13.2.1/../../../../arm-none-eabi/lib/thumb/v6-m/nofp\libcr_c.a(initio.o)
 .debug_aranges
                0x00000250       0x20 C:/nxp/MCUXpressoIDE_11.10.0_3148/ide/plugins/com.nxp.mcuxpresso.tools.win32_11.10.0.202311280810/tools/bin/../lib/gcc/arm-none-eabi/13.2.1/../../../../arm-none-eabi/lib/thumb/v6-m/nofp\libcr_c.a(setvbuf.o)
 .debug_aranges
                0x00000270       0x20 C:/nxp/MCUXpressoIDE_11.10.0_3148/ide/plugins/com.nxp.mcuxpresso.tools.win32_11.10.0.202311280810/tools/bin/../lib/gcc/arm-none-eabi/13.2.1/../../../../arm-none-eabi/lib/thumb/v6-m/nofp\libcr_c.a(_fdopen.o)
 .debug_aranges
                0x00000290       0x20 C:/nxp/MCUXpressoIDE_11.10.0_3148/ide/plugins/com.nxp.mcuxpresso.tools.win32_11.10.0.202311280810/tools/bin/../lib/gcc/arm-none-eabi/13.2.1/../../../../arm-none-eabi/lib/thumb/v6-m/nofp\libcr_c.a(fclose.o)
 .debug_aranges
                0x000002b0       0x20 C:/nxp/MCUXpressoIDE_11.10.0_3148/ide/plugins/com.nxp.mcuxpresso.tools.win32_11.10.0.202311280810/tools/bin/../lib/gcc/arm-none-eabi/13.2.1/../../../../arm-none-eabi/lib/thumb/v6-m/nofp\libcr_c.a(fflush.o)
 .debug_aranges
                0x000002d0       0x20 C:/nxp/MCUXpressoIDE_11.10.0_3148/ide/plugins/com.nxp.mcuxpresso.tools.win32_11.10.0.202311280810/tools/bin/../lib/gcc/arm-none-eabi/13.2.1/../../../../arm-none-eabi/lib/thumb/v6-m/nofp\libcr_c.a(fseek.o)
 .debug_aranges
                0x000002f0       0x20 C:/nxp/MCUXpressoIDE_11.10.0_3148/ide/plugins/com.nxp.mcuxpresso.tools.win32_11.10.0.202311280810/tools/bin/../lib/gcc/arm-none-eabi/13.2.1/../../../../arm-none-eabi/lib/thumb/v6-m/nofp\libcr_c.a(ftell.o)
 .debug_aranges
                0x00000310       0x28 C:/nxp/MCUXpressoIDE_11.10.0_3148/ide/plugins/com.nxp.mcuxpresso.tools.win32_11.10.0.202311280810/tools/bin/../lib/gcc/arm-none-eabi/13.2.1/../../../../arm-none-eabi/lib/thumb/v6-m/nofp\libcr_c.a(remove.o)
 .debug_aranges
                0x00000338       0x20 C:/nxp/MCUXpressoIDE_11.10.0_3148/ide/plugins/com.nxp.mcuxpresso.tools.win32_11.10.0.202311280810/tools/bin/../lib/gcc/arm-none-eabi/13.2.1/../../../../arm-none-eabi/lib/thumb/v6-m/nofp\libcr_c.a(strlen.o)
 .debug_aranges
                0x00000358       0x20 C:/nxp/MCUXpressoIDE_11.10.0_3148/ide/plugins/com.nxp.mcuxpresso.tools.win32_11.10.0.202311280810/tools/bin/../lib/gcc/arm-none-eabi/13.2.1/../../../../arm-none-eabi/lib/thumb/v6-m/nofp\libcr_c.a(memset.o)
 .debug_aranges
                0x00000378       0x20 C:/nxp/MCUXpressoIDE_11.10.0_3148/ide/plugins/com.nxp.mcuxpresso.tools.win32_11.10.0.202311280810/tools/bin/../lib/gcc/arm-none-eabi/13.2.1/../../../../arm-none-eabi/lib/thumb/v6-m/nofp\libcr_c.a(_do_fflush.o)
 .debug_aranges
                0x00000398       0x20 C:/nxp/MCUXpressoIDE_11.10.0_3148/ide/plugins/com.nxp.mcuxpresso.tools.win32_11.10.0.202311280810/tools/bin/../lib/gcc/arm-none-eabi/13.2.1/../../../../arm-none-eabi/lib/thumb/v6-m/nofp\libcr_c.a(_fflush.o)
 .debug_aranges
                0x000003b8       0x20 C:/nxp/MCUXpressoIDE_11.10.0_3148/ide/plugins/com.nxp.mcuxpresso.tools.win32_11.10.0.202311280810/tools/bin/../lib/gcc/arm-none-eabi/13.2.1/../../../../arm-none-eabi/lib/thumb/v6-m/nofp\libcr_c.a(_writebuf.o)
 .debug_aranges
                0x000003d8       0x40 C:/nxp/MCUXpressoIDE_11.10.0_3148/ide/plugins/com.nxp.mcuxpresso.tools.win32_11.10.0.202311280810/tools/bin/../lib/gcc/arm-none-eabi/13.2.1/../../../../arm-none-eabi/lib/thumb/v6-m/nofp\libcr_c.a(alloc.o)
 .debug_aranges
                0x00000418       0x18 C:/nxp/MCUXpressoIDE_11.10.0_3148/ide/plugins/com.nxp.mcuxpresso.tools.win32_11.10.0.202311280810/tools/bin/../lib/gcc/arm-none-eabi/13.2.1/../../../../arm-none-eabi/lib/thumb/v6-m/nofp\libcr_c.a(errno.o)
 .debug_aranges
                0x00000430       0x28 C:/nxp/MCUXpressoIDE_11.10.0_3148/ide/plugins/com.nxp.mcuxpresso.tools.win32_11.10.0.202311280810/tools/bin/../lib/gcc/arm-none-eabi/13.2.1/../../../../arm-none-eabi/lib/thumb/v6-m/nofp\libcr_c.a(_deferredlazyseek.o)
 .debug_aranges
                0x00000458       0x18 C:/nxp/MCUXpressoIDE_11.10.0_3148/ide/plugins/com.nxp.mcuxpresso.tools.win32_11.10.0.202311280810/tools/bin/../lib/gcc/arm-none-eabi/13.2.1/../../../../arm-none-eabi/lib/thumb/v6-m/nofp\libcr_nohost_nf.a(__ciob.o)
 .debug_aranges
                0x00000470       0x20 C:/nxp/MCUXpressoIDE_11.10.0_3148/ide/plugins/com.nxp.mcuxpresso.tools.win32_11.10.0.202311280810/tools/bin/../lib/gcc/arm-none-eabi/13.2.1/../../../../arm-none-eabi/lib/thumb/v6-m/nofp\libcr_nohost_nf.a(__sys_close.o)
 .debug_aranges
                0x00000490       0x20 C:/nxp/MCUXpressoIDE_11.10.0_3148/ide/plugins/com.nxp.mcuxpresso.tools.win32_11.10.0.202311280810/tools/bin/../lib/gcc/arm-none-eabi/13.2.1/../../../../arm-none-eabi/lib/thumb/v6-m/nofp\libcr_nohost_nf.a(__sys_flen.o)
 .debug_aranges
                0x000004b0       0x20 C:/nxp/MCUXpressoIDE_11.10.0_3148/ide/plugins/com.nxp.mcuxpresso.tools.win32_11.10.0.202311280810/tools/bin/../lib/gcc/arm-none-eabi/13.2.1/../../../../arm-none-eabi/lib/thumb/v6-m/nofp\libcr_nohost_nf.a(__sys_istty.o)
 .debug_aranges
                0x000004d0       0x20 C:/nxp/MCUXpressoIDE_11.10.0_3148/ide/plugins/com.nxp.mcuxpresso.tools.win32_11.10.0.202311280810/tools/bin/../lib/gcc/arm-none-eabi/13.2.1/../../../../arm-none-eabi/lib/thumb/v6-m/nofp\libcr_nohost_nf.a(__sys_remove.o)
 .debug_aranges
                0x000004f0       0x20 C:/nxp/MCUXpressoIDE_11.10.0_3148/ide/plugins/com.nxp.mcuxpresso.tools.win32_11.10.0.202311280810/tools/bin/../lib/gcc/arm-none-eabi/13.2.1/../../../../arm-none-eabi/lib/thumb/v6-m/nofp\libcr_nohost_nf.a(__sys_seek.o)
 .debug_aranges
                0x00000510       0x20 C:/nxp/MCUXpressoIDE_11.10.0_3148/ide/plugins/com.nxp.mcuxpresso.tools.win32_11.10.0.202311280810/tools/bin/../lib/gcc/arm-none-eabi/13.2.1/../../../../arm-none-eabi/lib/thumb/v6-m/nofp\libcr_nohost_nf.a(__sys_tmpnam.o)
 .debug_aranges
                0x00000530       0x20 C:/nxp/MCUXpressoIDE_11.10.0_3148/ide/plugins/com.nxp.mcuxpresso.tools.win32_11.10.0.202311280810/tools/bin/../lib/gcc/arm-none-eabi/13.2.1/../../../../arm-none-eabi/lib/thumb/v6-m/nofp\libcr_nohost_nf.a(__sys_write.o)

.debug_ranges   0x00000000      0x410
 .debug_ranges  0x00000000      0x150 ./startup/startup_mke16z4.o
 .debug_ranges  0x00000150       0x10 ./source/Ass4.o
 .debug_ranges  0x00000160       0x30 ./source/func.o
 .debug_ranges  0x00000190       0x20 ./device/system_MKE16Z4.o
 .debug_ranges  0x000001b0       0x10 C:/nxp/MCUXpressoIDE_11.10.0_3148/ide/plugins/com.nxp.mcuxpresso.tools.win32_11.10.0.202311280810/tools/bin/../lib/gcc/arm-none-eabi/13.2.1/../../../../arm-none-eabi/lib/thumb/v6-m/nofp\libcr_nohost_nf.a(_cr__main.o)
 .debug_ranges  0x000001c0       0x38 C:/nxp/MCUXpressoIDE_11.10.0_3148/ide/plugins/com.nxp.mcuxpresso.tools.win32_11.10.0.202311280810/tools/bin/../lib/gcc/arm-none-eabi/13.2.1/../../../../arm-none-eabi/lib/thumb/v6-m/nofp\libcr_c.a(initio.o)
 .debug_ranges  0x000001f8       0x10 C:/nxp/MCUXpressoIDE_11.10.0_3148/ide/plugins/com.nxp.mcuxpresso.tools.win32_11.10.0.202311280810/tools/bin/../lib/gcc/arm-none-eabi/13.2.1/../../../../arm-none-eabi/lib/thumb/v6-m/nofp\libcr_c.a(setvbuf.o)
 .debug_ranges  0x00000208       0x10 C:/nxp/MCUXpressoIDE_11.10.0_3148/ide/plugins/com.nxp.mcuxpresso.tools.win32_11.10.0.202311280810/tools/bin/../lib/gcc/arm-none-eabi/13.2.1/../../../../arm-none-eabi/lib/thumb/v6-m/nofp\libcr_c.a(_fdopen.o)
 .debug_ranges  0x00000218       0x10 C:/nxp/MCUXpressoIDE_11.10.0_3148/ide/plugins/com.nxp.mcuxpresso.tools.win32_11.10.0.202311280810/tools/bin/../lib/gcc/arm-none-eabi/13.2.1/../../../../arm-none-eabi/lib/thumb/v6-m/nofp\libcr_c.a(fclose.o)
 .debug_ranges  0x00000228       0x28 C:/nxp/MCUXpressoIDE_11.10.0_3148/ide/plugins/com.nxp.mcuxpresso.tools.win32_11.10.0.202311280810/tools/bin/../lib/gcc/arm-none-eabi/13.2.1/../../../../arm-none-eabi/lib/thumb/v6-m/nofp\libcr_c.a(fflush.o)
 .debug_ranges  0x00000250       0x10 C:/nxp/MCUXpressoIDE_11.10.0_3148/ide/plugins/com.nxp.mcuxpresso.tools.win32_11.10.0.202311280810/tools/bin/../lib/gcc/arm-none-eabi/13.2.1/../../../../arm-none-eabi/lib/thumb/v6-m/nofp\libcr_c.a(fseek.o)
 .debug_ranges  0x00000260       0x10 C:/nxp/MCUXpressoIDE_11.10.0_3148/ide/plugins/com.nxp.mcuxpresso.tools.win32_11.10.0.202311280810/tools/bin/../lib/gcc/arm-none-eabi/13.2.1/../../../../arm-none-eabi/lib/thumb/v6-m/nofp\libcr_c.a(ftell.o)
 .debug_ranges  0x00000270       0x18 C:/nxp/MCUXpressoIDE_11.10.0_3148/ide/plugins/com.nxp.mcuxpresso.tools.win32_11.10.0.202311280810/tools/bin/../lib/gcc/arm-none-eabi/13.2.1/../../../../arm-none-eabi/lib/thumb/v6-m/nofp\libcr_c.a(remove.o)
 .debug_ranges  0x00000288       0x28 C:/nxp/MCUXpressoIDE_11.10.0_3148/ide/plugins/com.nxp.mcuxpresso.tools.win32_11.10.0.202311280810/tools/bin/../lib/gcc/arm-none-eabi/13.2.1/../../../../arm-none-eabi/lib/thumb/v6-m/nofp\libcr_c.a(strlen.o)
 .debug_ranges  0x000002b0       0x10 C:/nxp/MCUXpressoIDE_11.10.0_3148/ide/plugins/com.nxp.mcuxpresso.tools.win32_11.10.0.202311280810/tools/bin/../lib/gcc/arm-none-eabi/13.2.1/../../../../arm-none-eabi/lib/thumb/v6-m/nofp\libcr_c.a(memset.o)
 .debug_ranges  0x000002c0       0x28 C:/nxp/MCUXpressoIDE_11.10.0_3148/ide/plugins/com.nxp.mcuxpresso.tools.win32_11.10.0.202311280810/tools/bin/../lib/gcc/arm-none-eabi/13.2.1/../../../../arm-none-eabi/lib/thumb/v6-m/nofp\libcr_c.a(_do_fflush.o)
 .debug_ranges  0x000002e8       0x10 C:/nxp/MCUXpressoIDE_11.10.0_3148/ide/plugins/com.nxp.mcuxpresso.tools.win32_11.10.0.202311280810/tools/bin/../lib/gcc/arm-none-eabi/13.2.1/../../../../arm-none-eabi/lib/thumb/v6-m/nofp\libcr_c.a(_fflush.o)
 .debug_ranges  0x000002f8       0x10 C:/nxp/MCUXpressoIDE_11.10.0_3148/ide/plugins/com.nxp.mcuxpresso.tools.win32_11.10.0.202311280810/tools/bin/../lib/gcc/arm-none-eabi/13.2.1/../../../../arm-none-eabi/lib/thumb/v6-m/nofp\libcr_c.a(_writebuf.o)
 .debug_ranges  0x00000308       0x50 C:/nxp/MCUXpressoIDE_11.10.0_3148/ide/plugins/com.nxp.mcuxpresso.tools.win32_11.10.0.202311280810/tools/bin/../lib/gcc/arm-none-eabi/13.2.1/../../../../arm-none-eabi/lib/thumb/v6-m/nofp\libcr_c.a(alloc.o)
 .debug_ranges  0x00000358       0x48 C:/nxp/MCUXpressoIDE_11.10.0_3148/ide/plugins/com.nxp.mcuxpresso.tools.win32_11.10.0.202311280810/tools/bin/../lib/gcc/arm-none-eabi/13.2.1/../../../../arm-none-eabi/lib/thumb/v6-m/nofp\libcr_c.a(_deferredlazyseek.o)
 .debug_ranges  0x000003a0       0x10 C:/nxp/MCUXpressoIDE_11.10.0_3148/ide/plugins/com.nxp.mcuxpresso.tools.win32_11.10.0.202311280810/tools/bin/../lib/gcc/arm-none-eabi/13.2.1/../../../../arm-none-eabi/lib/thumb/v6-m/nofp\libcr_nohost_nf.a(__sys_close.o)
 .debug_ranges  0x000003b0       0x10 C:/nxp/MCUXpressoIDE_11.10.0_3148/ide/plugins/com.nxp.mcuxpresso.tools.win32_11.10.0.202311280810/tools/bin/../lib/gcc/arm-none-eabi/13.2.1/../../../../arm-none-eabi/lib/thumb/v6-m/nofp\libcr_nohost_nf.a(__sys_flen.o)
 .debug_ranges  0x000003c0       0x10 C:/nxp/MCUXpressoIDE_11.10.0_3148/ide/plugins/com.nxp.mcuxpresso.tools.win32_11.10.0.202311280810/tools/bin/../lib/gcc/arm-none-eabi/13.2.1/../../../../arm-none-eabi/lib/thumb/v6-m/nofp\libcr_nohost_nf.a(__sys_istty.o)
 .debug_ranges  0x000003d0       0x10 C:/nxp/MCUXpressoIDE_11.10.0_3148/ide/plugins/com.nxp.mcuxpresso.tools.win32_11.10.0.202311280810/tools/bin/../lib/gcc/arm-none-eabi/13.2.1/../../../../arm-none-eabi/lib/thumb/v6-m/nofp\libcr_nohost_nf.a(__sys_remove.o)
 .debug_ranges  0x000003e0       0x10 C:/nxp/MCUXpressoIDE_11.10.0_3148/ide/plugins/com.nxp.mcuxpresso.tools.win32_11.10.0.202311280810/tools/bin/../lib/gcc/arm-none-eabi/13.2.1/../../../../arm-none-eabi/lib/thumb/v6-m/nofp\libcr_nohost_nf.a(__sys_seek.o)
 .debug_ranges  0x000003f0       0x10 C:/nxp/MCUXpressoIDE_11.10.0_3148/ide/plugins/com.nxp.mcuxpresso.tools.win32_11.10.0.202311280810/tools/bin/../lib/gcc/arm-none-eabi/13.2.1/../../../../arm-none-eabi/lib/thumb/v6-m/nofp\libcr_nohost_nf.a(__sys_tmpnam.o)
 .debug_ranges  0x00000400       0x10 C:/nxp/MCUXpressoIDE_11.10.0_3148/ide/plugins/com.nxp.mcuxpresso.tools.win32_11.10.0.202311280810/tools/bin/../lib/gcc/arm-none-eabi/13.2.1/../../../../arm-none-eabi/lib/thumb/v6-m/nofp\libcr_nohost_nf.a(__sys_write.o)

.debug_macro    0x00000000     0x9063
 .debug_macro   0x00000000       0x29 ./startup/startup_mke16z4.o
 .debug_macro   0x00000029      0xade ./startup/startup_mke16z4.o
 .debug_macro   0x00000b07       0x8e ./source/Ass4.o
 .debug_macro   0x00000b95       0x16 ./source/Ass4.o
 .debug_macro   0x00000bab       0x3f ./source/Ass4.o
 .debug_macro   0x00000bea       0x10 ./source/Ass4.o
 .debug_macro   0x00000bfa      0x12e ./source/Ass4.o
 .debug_macro   0x00000d28      0x5b3 ./source/Ass4.o
 .debug_macro   0x000012db       0x1c ./source/Ass4.o
 .debug_macro   0x000012f7       0x22 ./source/Ass4.o
 .debug_macro   0x00001319       0xd1 ./source/Ass4.o
 .debug_macro   0x000013ea      0x3ad ./source/Ass4.o
 .debug_macro   0x00001797       0x3a ./source/Ass4.o
 .debug_macro   0x000017d1     0x6d8e ./source/Ass4.o
 .debug_macro   0x0000855f       0x8e ./source/func.o
 .debug_macro   0x000085ed       0x2f ./source/mtb.o
 .debug_macro   0x0000861c       0x82 ./source/mtb.o
 .debug_macro   0x0000869e       0x10 ./source/mtb.o
 .debug_macro   0x000086ae       0x97 ./device/system_MKE16Z4.o
 .debug_macro   0x00008745       0x10 ./device/system_MKE16Z4.o
 .debug_macro   0x00008755      0x90e ./device/system_MKE16Z4.o

.debug_line     0x00000000     0x26a6
 .debug_line    0x00000000      0x2a4 ./startup/startup_mke16z4.o
 .debug_line    0x000002a4      0x292 ./source/Ass4.o
 .debug_line    0x00000536      0x3c9 ./source/func.o
 .debug_line    0x000008ff       0xd3 ./source/mtb.o
 .debug_line    0x000009d2      0x32f ./device/system_MKE16Z4.o
 .debug_line    0x00000d01       0xc9 C:/nxp/MCUXpressoIDE_11.10.0_3148/ide/plugins/com.nxp.mcuxpresso.tools.win32_11.10.0.202311280810/tools/bin/../lib/gcc/arm-none-eabi/13.2.1/../../../../arm-none-eabi/lib/thumb/v6-m/nofp\libcr_nohost_nf.a(_cr__main.o)
 .debug_line    0x00000dca      0x146 C:/nxp/MCUXpressoIDE_11.10.0_3148/ide/plugins/com.nxp.mcuxpresso.tools.win32_11.10.0.202311280810/tools/bin/../lib/gcc/arm-none-eabi/13.2.1/../../../../arm-none-eabi/lib/thumb/v6-m/nofp\libcr_c.a(initio.o)
 .debug_line    0x00000f10       0xf7 C:/nxp/MCUXpressoIDE_11.10.0_3148/ide/plugins/com.nxp.mcuxpresso.tools.win32_11.10.0.202311280810/tools/bin/../lib/gcc/arm-none-eabi/13.2.1/../../../../arm-none-eabi/lib/thumb/v6-m/nofp\libcr_c.a(setvbuf.o)
 .debug_line    0x00001007      0x13b C:/nxp/MCUXpressoIDE_11.10.0_3148/ide/plugins/com.nxp.mcuxpresso.tools.win32_11.10.0.202311280810/tools/bin/../lib/gcc/arm-none-eabi/13.2.1/../../../../arm-none-eabi/lib/thumb/v6-m/nofp\libcr_c.a(_fdopen.o)
 .debug_line    0x00001142      0x10f C:/nxp/MCUXpressoIDE_11.10.0_3148/ide/plugins/com.nxp.mcuxpresso.tools.win32_11.10.0.202311280810/tools/bin/../lib/gcc/arm-none-eabi/13.2.1/../../../../arm-none-eabi/lib/thumb/v6-m/nofp\libcr_c.a(fclose.o)
 .debug_line    0x00001251       0xe3 C:/nxp/MCUXpressoIDE_11.10.0_3148/ide/plugins/com.nxp.mcuxpresso.tools.win32_11.10.0.202311280810/tools/bin/../lib/gcc/arm-none-eabi/13.2.1/../../../../arm-none-eabi/lib/thumb/v6-m/nofp\libcr_c.a(fflush.o)
 .debug_line    0x00001334      0x23b C:/nxp/MCUXpressoIDE_11.10.0_3148/ide/plugins/com.nxp.mcuxpresso.tools.win32_11.10.0.202311280810/tools/bin/../lib/gcc/arm-none-eabi/13.2.1/../../../../arm-none-eabi/lib/thumb/v6-m/nofp\libcr_c.a(fseek.o)
 .debug_line    0x0000156f      0x110 C:/nxp/MCUXpressoIDE_11.10.0_3148/ide/plugins/com.nxp.mcuxpresso.tools.win32_11.10.0.202311280810/tools/bin/../lib/gcc/arm-none-eabi/13.2.1/../../../../arm-none-eabi/lib/thumb/v6-m/nofp\libcr_c.a(ftell.o)
 .debug_line    0x0000167f       0xea C:/nxp/MCUXpressoIDE_11.10.0_3148/ide/plugins/com.nxp.mcuxpresso.tools.win32_11.10.0.202311280810/tools/bin/../lib/gcc/arm-none-eabi/13.2.1/../../../../arm-none-eabi/lib/thumb/v6-m/nofp\libcr_c.a(remove.o)
 .debug_line    0x00001769      0x123 C:/nxp/MCUXpressoIDE_11.10.0_3148/ide/plugins/com.nxp.mcuxpresso.tools.win32_11.10.0.202311280810/tools/bin/../lib/gcc/arm-none-eabi/13.2.1/../../../../arm-none-eabi/lib/thumb/v6-m/nofp\libcr_c.a(strlen.o)
 .debug_line    0x0000188c       0x82 C:/nxp/MCUXpressoIDE_11.10.0_3148/ide/plugins/com.nxp.mcuxpresso.tools.win32_11.10.0.202311280810/tools/bin/../lib/gcc/arm-none-eabi/13.2.1/../../../../arm-none-eabi/lib/thumb/v6-m/nofp\libcr_c.a(memset.o)
 .debug_line    0x0000190e      0x100 C:/nxp/MCUXpressoIDE_11.10.0_3148/ide/plugins/com.nxp.mcuxpresso.tools.win32_11.10.0.202311280810/tools/bin/../lib/gcc/arm-none-eabi/13.2.1/../../../../arm-none-eabi/lib/thumb/v6-m/nofp\libcr_c.a(_do_fflush.o)
 .debug_line    0x00001a0e      0x127 C:/nxp/MCUXpressoIDE_11.10.0_3148/ide/plugins/com.nxp.mcuxpresso.tools.win32_11.10.0.202311280810/tools/bin/../lib/gcc/arm-none-eabi/13.2.1/../../../../arm-none-eabi/lib/thumb/v6-m/nofp\libcr_c.a(_fflush.o)
 .debug_line    0x00001b35      0x13e C:/nxp/MCUXpressoIDE_11.10.0_3148/ide/plugins/com.nxp.mcuxpresso.tools.win32_11.10.0.202311280810/tools/bin/../lib/gcc/arm-none-eabi/13.2.1/../../../../arm-none-eabi/lib/thumb/v6-m/nofp\libcr_c.a(_writebuf.o)
 .debug_line    0x00001c73      0x3b9 C:/nxp/MCUXpressoIDE_11.10.0_3148/ide/plugins/com.nxp.mcuxpresso.tools.win32_11.10.0.202311280810/tools/bin/../lib/gcc/arm-none-eabi/13.2.1/../../../../arm-none-eabi/lib/thumb/v6-m/nofp\libcr_c.a(alloc.o)
 .debug_line    0x0000202c       0x4e C:/nxp/MCUXpressoIDE_11.10.0_3148/ide/plugins/com.nxp.mcuxpresso.tools.win32_11.10.0.202311280810/tools/bin/../lib/gcc/arm-none-eabi/13.2.1/../../../../arm-none-eabi/lib/thumb/v6-m/nofp\libcr_c.a(errno.o)
 .debug_line    0x0000207a      0x2fc C:/nxp/MCUXpressoIDE_11.10.0_3148/ide/plugins/com.nxp.mcuxpresso.tools.win32_11.10.0.202311280810/tools/bin/../lib/gcc/arm-none-eabi/13.2.1/../../../../arm-none-eabi/lib/thumb/v6-m/nofp\libcr_c.a(_deferredlazyseek.o)
 .debug_line    0x00002376       0xea C:/nxp/MCUXpressoIDE_11.10.0_3148/ide/plugins/com.nxp.mcuxpresso.tools.win32_11.10.0.202311280810/tools/bin/../lib/gcc/arm-none-eabi/13.2.1/../../../../arm-none-eabi/lib/thumb/v6-m/nofp\libcr_nohost_nf.a(__ciob.o)
 .debug_line    0x00002460       0x54 C:/nxp/MCUXpressoIDE_11.10.0_3148/ide/plugins/com.nxp.mcuxpresso.tools.win32_11.10.0.202311280810/tools/bin/../lib/gcc/arm-none-eabi/13.2.1/../../../../arm-none-eabi/lib/thumb/v6-m/nofp\libcr_nohost_nf.a(__sys_close.o)
 .debug_line    0x000024b4       0x53 C:/nxp/MCUXpressoIDE_11.10.0_3148/ide/plugins/com.nxp.mcuxpresso.tools.win32_11.10.0.202311280810/tools/bin/../lib/gcc/arm-none-eabi/13.2.1/../../../../arm-none-eabi/lib/thumb/v6-m/nofp\libcr_nohost_nf.a(__sys_flen.o)
 .debug_line    0x00002507       0x54 C:/nxp/MCUXpressoIDE_11.10.0_3148/ide/plugins/com.nxp.mcuxpresso.tools.win32_11.10.0.202311280810/tools/bin/../lib/gcc/arm-none-eabi/13.2.1/../../../../arm-none-eabi/lib/thumb/v6-m/nofp\libcr_nohost_nf.a(__sys_istty.o)
 .debug_line    0x0000255b       0x55 C:/nxp/MCUXpressoIDE_11.10.0_3148/ide/plugins/com.nxp.mcuxpresso.tools.win32_11.10.0.202311280810/tools/bin/../lib/gcc/arm-none-eabi/13.2.1/../../../../arm-none-eabi/lib/thumb/v6-m/nofp\libcr_nohost_nf.a(__sys_remove.o)
 .debug_line    0x000025b0       0x53 C:/nxp/MCUXpressoIDE_11.10.0_3148/ide/plugins/com.nxp.mcuxpresso.tools.win32_11.10.0.202311280810/tools/bin/../lib/gcc/arm-none-eabi/13.2.1/../../../../arm-none-eabi/lib/thumb/v6-m/nofp\libcr_nohost_nf.a(__sys_seek.o)
 .debug_line    0x00002603       0x55 C:/nxp/MCUXpressoIDE_11.10.0_3148/ide/plugins/com.nxp.mcuxpresso.tools.win32_11.10.0.202311280810/tools/bin/../lib/gcc/arm-none-eabi/13.2.1/../../../../arm-none-eabi/lib/thumb/v6-m/nofp\libcr_nohost_nf.a(__sys_tmpnam.o)
 .debug_line    0x00002658       0x4e C:/nxp/MCUXpressoIDE_11.10.0_3148/ide/plugins/com.nxp.mcuxpresso.tools.win32_11.10.0.202311280810/tools/bin/../lib/gcc/arm-none-eabi/13.2.1/../../../../arm-none-eabi/lib/thumb/v6-m/nofp\libcr_nohost_nf.a(__sys_write.o)

.debug_str      0x00000000    0x3e192
 .debug_str     0x00000000    0x3e192 ./startup/startup_mke16z4.o
                               0x32c2 (size before relaxing)
 .debug_str     0x0003e192    0x3980a ./source/Ass4.o
 .debug_str     0x0003e192    0x39c47 ./source/func.o
 .debug_str     0x0003e192     0x3367 ./source/mtb.o
 .debug_str     0x0003e192    0x3d05e ./device/system_MKE16Z4.o
 .debug_str     0x0003e192      0x16a C:/nxp/MCUXpressoIDE_11.10.0_3148/ide/plugins/com.nxp.mcuxpresso.tools.win32_11.10.0.202311280810/tools/bin/../lib/gcc/arm-none-eabi/13.2.1/../../../../arm-none-eabi/lib/thumb/v6-m/nofp\libcr_nohost_nf.a(_cr__main.o)
 .debug_str     0x0003e192      0x23e C:/nxp/MCUXpressoIDE_11.10.0_3148/ide/plugins/com.nxp.mcuxpresso.tools.win32_11.10.0.202311280810/tools/bin/../lib/gcc/arm-none-eabi/13.2.1/../../../../arm-none-eabi/lib/thumb/v6-m/nofp\libcr_c.a(initio.o)
 .debug_str     0x0003e192      0x234 C:/nxp/MCUXpressoIDE_11.10.0_3148/ide/plugins/com.nxp.mcuxpresso.tools.win32_11.10.0.202311280810/tools/bin/../lib/gcc/arm-none-eabi/13.2.1/../../../../arm-none-eabi/lib/thumb/v6-m/nofp\libcr_c.a(setvbuf.o)
 .debug_str     0x0003e192      0x231 C:/nxp/MCUXpressoIDE_11.10.0_3148/ide/plugins/com.nxp.mcuxpresso.tools.win32_11.10.0.202311280810/tools/bin/../lib/gcc/arm-none-eabi/13.2.1/../../../../arm-none-eabi/lib/thumb/v6-m/nofp\libcr_c.a(_fdopen.o)
 .debug_str     0x0003e192      0x25f C:/nxp/MCUXpressoIDE_11.10.0_3148/ide/plugins/com.nxp.mcuxpresso.tools.win32_11.10.0.202311280810/tools/bin/../lib/gcc/arm-none-eabi/13.2.1/../../../../arm-none-eabi/lib/thumb/v6-m/nofp\libcr_c.a(fclose.o)
 .debug_str     0x0003e192      0x236 C:/nxp/MCUXpressoIDE_11.10.0_3148/ide/plugins/com.nxp.mcuxpresso.tools.win32_11.10.0.202311280810/tools/bin/../lib/gcc/arm-none-eabi/13.2.1/../../../../arm-none-eabi/lib/thumb/v6-m/nofp\libcr_c.a(fflush.o)
 .debug_str     0x0003e192      0x24f C:/nxp/MCUXpressoIDE_11.10.0_3148/ide/plugins/com.nxp.mcuxpresso.tools.win32_11.10.0.202311280810/tools/bin/../lib/gcc/arm-none-eabi/13.2.1/../../../../arm-none-eabi/lib/thumb/v6-m/nofp\libcr_c.a(fseek.o)
 .debug_str     0x0003e192      0x215 C:/nxp/MCUXpressoIDE_11.10.0_3148/ide/plugins/com.nxp.mcuxpresso.tools.win32_11.10.0.202311280810/tools/bin/../lib/gcc/arm-none-eabi/13.2.1/../../../../arm-none-eabi/lib/thumb/v6-m/nofp\libcr_c.a(ftell.o)
 .debug_str     0x0003e192      0x1d4 C:/nxp/MCUXpressoIDE_11.10.0_3148/ide/plugins/com.nxp.mcuxpresso.tools.win32_11.10.0.202311280810/tools/bin/../lib/gcc/arm-none-eabi/13.2.1/../../../../arm-none-eabi/lib/thumb/v6-m/nofp\libcr_c.a(remove.o)
 .debug_str     0x0003e192      0x17b C:/nxp/MCUXpressoIDE_11.10.0_3148/ide/plugins/com.nxp.mcuxpresso.tools.win32_11.10.0.202311280810/tools/bin/../lib/gcc/arm-none-eabi/13.2.1/../../../../arm-none-eabi/lib/thumb/v6-m/nofp\libcr_c.a(strlen.o)
 .debug_str     0x0003e192      0x181 C:/nxp/MCUXpressoIDE_11.10.0_3148/ide/plugins/com.nxp.mcuxpresso.tools.win32_11.10.0.202311280810/tools/bin/../lib/gcc/arm-none-eabi/13.2.1/../../../../arm-none-eabi/lib/thumb/v6-m/nofp\libcr_c.a(memset.o)
 .debug_str     0x0003e192      0x240 C:/nxp/MCUXpressoIDE_11.10.0_3148/ide/plugins/com.nxp.mcuxpresso.tools.win32_11.10.0.202311280810/tools/bin/../lib/gcc/arm-none-eabi/13.2.1/../../../../arm-none-eabi/lib/thumb/v6-m/nofp\libcr_c.a(_do_fflush.o)
 .debug_str     0x0003e192      0x22a C:/nxp/MCUXpressoIDE_11.10.0_3148/ide/plugins/com.nxp.mcuxpresso.tools.win32_11.10.0.202311280810/tools/bin/../lib/gcc/arm-none-eabi/13.2.1/../../../../arm-none-eabi/lib/thumb/v6-m/nofp\libcr_c.a(_fflush.o)
 .debug_str     0x0003e192      0x244 C:/nxp/MCUXpressoIDE_11.10.0_3148/ide/plugins/com.nxp.mcuxpresso.tools.win32_11.10.0.202311280810/tools/bin/../lib/gcc/arm-none-eabi/13.2.1/../../../../arm-none-eabi/lib/thumb/v6-m/nofp\libcr_c.a(_writebuf.o)
 .debug_str     0x0003e192      0x234 C:/nxp/MCUXpressoIDE_11.10.0_3148/ide/plugins/com.nxp.mcuxpresso.tools.win32_11.10.0.202311280810/tools/bin/../lib/gcc/arm-none-eabi/13.2.1/../../../../arm-none-eabi/lib/thumb/v6-m/nofp\libcr_c.a(alloc.o)
 .debug_str     0x0003e192      0x115 C:/nxp/MCUXpressoIDE_11.10.0_3148/ide/plugins/com.nxp.mcuxpresso.tools.win32_11.10.0.202311280810/tools/bin/../lib/gcc/arm-none-eabi/13.2.1/../../../../arm-none-eabi/lib/thumb/v6-m/nofp\libcr_c.a(errno.o)
 .debug_str     0x0003e192      0x278 C:/nxp/MCUXpressoIDE_11.10.0_3148/ide/plugins/com.nxp.mcuxpresso.tools.win32_11.10.0.202311280810/tools/bin/../lib/gcc/arm-none-eabi/13.2.1/../../../../arm-none-eabi/lib/thumb/v6-m/nofp\libcr_c.a(_deferredlazyseek.o)
 .debug_str     0x0003e192      0x202 C:/nxp/MCUXpressoIDE_11.10.0_3148/ide/plugins/com.nxp.mcuxpresso.tools.win32_11.10.0.202311280810/tools/bin/../lib/gcc/arm-none-eabi/13.2.1/../../../../arm-none-eabi/lib/thumb/v6-m/nofp\libcr_nohost_nf.a(__ciob.o)
 .debug_str     0x0003e192      0x15b C:/nxp/MCUXpressoIDE_11.10.0_3148/ide/plugins/com.nxp.mcuxpresso.tools.win32_11.10.0.202311280810/tools/bin/../lib/gcc/arm-none-eabi/13.2.1/../../../../arm-none-eabi/lib/thumb/v6-m/nofp\libcr_nohost_nf.a(__sys_close.o)
 .debug_str     0x0003e192      0x154 C:/nxp/MCUXpressoIDE_11.10.0_3148/ide/plugins/com.nxp.mcuxpresso.tools.win32_11.10.0.202311280810/tools/bin/../lib/gcc/arm-none-eabi/13.2.1/../../../../arm-none-eabi/lib/thumb/v6-m/nofp\libcr_nohost_nf.a(__sys_flen.o)
 .debug_str     0x0003e192      0x156 C:/nxp/MCUXpressoIDE_11.10.0_3148/ide/plugins/com.nxp.mcuxpresso.tools.win32_11.10.0.202311280810/tools/bin/../lib/gcc/arm-none-eabi/13.2.1/../../../../arm-none-eabi/lib/thumb/v6-m/nofp\libcr_nohost_nf.a(__sys_istty.o)
 .debug_str     0x0003e192      0x161 C:/nxp/MCUXpressoIDE_11.10.0_3148/ide/plugins/com.nxp.mcuxpresso.tools.win32_11.10.0.202311280810/tools/bin/../lib/gcc/arm-none-eabi/13.2.1/../../../../arm-none-eabi/lib/thumb/v6-m/nofp\libcr_nohost_nf.a(__sys_remove.o)
 .debug_str     0x0003e192      0x154 C:/nxp/MCUXpressoIDE_11.10.0_3148/ide/plugins/com.nxp.mcuxpresso.tools.win32_11.10.0.202311280810/tools/bin/../lib/gcc/arm-none-eabi/13.2.1/../../../../arm-none-eabi/lib/thumb/v6-m/nofp\libcr_nohost_nf.a(__sys_seek.o)
 .debug_str     0x0003e192      0x16e C:/nxp/MCUXpressoIDE_11.10.0_3148/ide/plugins/com.nxp.mcuxpresso.tools.win32_11.10.0.202311280810/tools/bin/../lib/gcc/arm-none-eabi/13.2.1/../../../../arm-none-eabi/lib/thumb/v6-m/nofp\libcr_nohost_nf.a(__sys_tmpnam.o)
 .debug_str     0x0003e192      0x171 C:/nxp/MCUXpressoIDE_11.10.0_3148/ide/plugins/com.nxp.mcuxpresso.tools.win32_11.10.0.202311280810/tools/bin/../lib/gcc/arm-none-eabi/13.2.1/../../../../arm-none-eabi/lib/thumb/v6-m/nofp\libcr_nohost_nf.a(__sys_write.o)

.comment        0x00000000       0x44
 .comment       0x00000000       0x44 ./startup/startup_mke16z4.o
                                 0x45 (size before relaxing)
 .comment       0x00000044       0x45 ./source/Ass4.o
 .comment       0x00000044       0x45 ./source/func.o
 .comment       0x00000044       0x45 ./source/mtb.o
 .comment       0x00000044       0x45 ./device/system_MKE16Z4.o
 .comment       0x00000044       0x45 C:/nxp/MCUXpressoIDE_11.10.0_3148/ide/plugins/com.nxp.mcuxpresso.tools.win32_11.10.0.202311280810/tools/bin/../lib/gcc/arm-none-eabi/13.2.1/../../../../arm-none-eabi/lib/thumb/v6-m/nofp\libcr_nohost_nf.a(_cr__main.o)
 .comment       0x00000044       0x45 C:/nxp/MCUXpressoIDE_11.10.0_3148/ide/plugins/com.nxp.mcuxpresso.tools.win32_11.10.0.202311280810/tools/bin/../lib/gcc/arm-none-eabi/13.2.1/../../../../arm-none-eabi/lib/thumb/v6-m/nofp\libcr_c.a(initio.o)
 .comment       0x00000044       0x45 C:/nxp/MCUXpressoIDE_11.10.0_3148/ide/plugins/com.nxp.mcuxpresso.tools.win32_11.10.0.202311280810/tools/bin/../lib/gcc/arm-none-eabi/13.2.1/../../../../arm-none-eabi/lib/thumb/v6-m/nofp\libcr_c.a(setvbuf.o)
 .comment       0x00000044       0x45 C:/nxp/MCUXpressoIDE_11.10.0_3148/ide/plugins/com.nxp.mcuxpresso.tools.win32_11.10.0.202311280810/tools/bin/../lib/gcc/arm-none-eabi/13.2.1/../../../../arm-none-eabi/lib/thumb/v6-m/nofp\libcr_c.a(_fdopen.o)
 .comment       0x00000044       0x45 C:/nxp/MCUXpressoIDE_11.10.0_3148/ide/plugins/com.nxp.mcuxpresso.tools.win32_11.10.0.202311280810/tools/bin/../lib/gcc/arm-none-eabi/13.2.1/../../../../arm-none-eabi/lib/thumb/v6-m/nofp\libcr_c.a(fclose.o)
 .comment       0x00000044       0x45 C:/nxp/MCUXpressoIDE_11.10.0_3148/ide/plugins/com.nxp.mcuxpresso.tools.win32_11.10.0.202311280810/tools/bin/../lib/gcc/arm-none-eabi/13.2.1/../../../../arm-none-eabi/lib/thumb/v6-m/nofp\libcr_c.a(fflush.o)
 .comment       0x00000044       0x45 C:/nxp/MCUXpressoIDE_11.10.0_3148/ide/plugins/com.nxp.mcuxpresso.tools.win32_11.10.0.202311280810/tools/bin/../lib/gcc/arm-none-eabi/13.2.1/../../../../arm-none-eabi/lib/thumb/v6-m/nofp\libcr_c.a(fseek.o)
 .comment       0x00000044       0x45 C:/nxp/MCUXpressoIDE_11.10.0_3148/ide/plugins/com.nxp.mcuxpresso.tools.win32_11.10.0.202311280810/tools/bin/../lib/gcc/arm-none-eabi/13.2.1/../../../../arm-none-eabi/lib/thumb/v6-m/nofp\libcr_c.a(ftell.o)
 .comment       0x00000044       0x45 C:/nxp/MCUXpressoIDE_11.10.0_3148/ide/plugins/com.nxp.mcuxpresso.tools.win32_11.10.0.202311280810/tools/bin/../lib/gcc/arm-none-eabi/13.2.1/../../../../arm-none-eabi/lib/thumb/v6-m/nofp\libcr_c.a(remove.o)
 .comment       0x00000044       0x45 C:/nxp/MCUXpressoIDE_11.10.0_3148/ide/plugins/com.nxp.mcuxpresso.tools.win32_11.10.0.202311280810/tools/bin/../lib/gcc/arm-none-eabi/13.2.1/../../../../arm-none-eabi/lib/thumb/v6-m/nofp\libcr_c.a(strlen.o)
 .comment       0x00000044       0x45 C:/nxp/MCUXpressoIDE_11.10.0_3148/ide/plugins/com.nxp.mcuxpresso.tools.win32_11.10.0.202311280810/tools/bin/../lib/gcc/arm-none-eabi/13.2.1/../../../../arm-none-eabi/lib/thumb/v6-m/nofp\libcr_c.a(memset.o)
 .comment       0x00000044       0x45 C:/nxp/MCUXpressoIDE_11.10.0_3148/ide/plugins/com.nxp.mcuxpresso.tools.win32_11.10.0.202311280810/tools/bin/../lib/gcc/arm-none-eabi/13.2.1/../../../../arm-none-eabi/lib/thumb/v6-m/nofp\libcr_c.a(_do_fflush.o)
 .comment       0x00000044       0x45 C:/nxp/MCUXpressoIDE_11.10.0_3148/ide/plugins/com.nxp.mcuxpresso.tools.win32_11.10.0.202311280810/tools/bin/../lib/gcc/arm-none-eabi/13.2.1/../../../../arm-none-eabi/lib/thumb/v6-m/nofp\libcr_c.a(_fflush.o)
 .comment       0x00000044       0x45 C:/nxp/MCUXpressoIDE_11.10.0_3148/ide/plugins/com.nxp.mcuxpresso.tools.win32_11.10.0.202311280810/tools/bin/../lib/gcc/arm-none-eabi/13.2.1/../../../../arm-none-eabi/lib/thumb/v6-m/nofp\libcr_c.a(_writebuf.o)
 .comment       0x00000044       0x45 C:/nxp/MCUXpressoIDE_11.10.0_3148/ide/plugins/com.nxp.mcuxpresso.tools.win32_11.10.0.202311280810/tools/bin/../lib/gcc/arm-none-eabi/13.2.1/../../../../arm-none-eabi/lib/thumb/v6-m/nofp\libcr_c.a(alloc.o)
 .comment       0x00000044       0x45 C:/nxp/MCUXpressoIDE_11.10.0_3148/ide/plugins/com.nxp.mcuxpresso.tools.win32_11.10.0.202311280810/tools/bin/../lib/gcc/arm-none-eabi/13.2.1/../../../../arm-none-eabi/lib/thumb/v6-m/nofp\libcr_c.a(errno.o)
 .comment       0x00000044       0x45 C:/nxp/MCUXpressoIDE_11.10.0_3148/ide/plugins/com.nxp.mcuxpresso.tools.win32_11.10.0.202311280810/tools/bin/../lib/gcc/arm-none-eabi/13.2.1/../../../../arm-none-eabi/lib/thumb/v6-m/nofp\libcr_c.a(_deferredlazyseek.o)
 .comment       0x00000044       0x45 C:/nxp/MCUXpressoIDE_11.10.0_3148/ide/plugins/com.nxp.mcuxpresso.tools.win32_11.10.0.202311280810/tools/bin/../lib/gcc/arm-none-eabi/13.2.1/../../../../arm-none-eabi/lib/thumb/v6-m/nofp\libcr_nohost_nf.a(__ciob.o)
 .comment       0x00000044       0x45 C:/nxp/MCUXpressoIDE_11.10.0_3148/ide/plugins/com.nxp.mcuxpresso.tools.win32_11.10.0.202311280810/tools/bin/../lib/gcc/arm-none-eabi/13.2.1/../../../../arm-none-eabi/lib/thumb/v6-m/nofp\libcr_nohost_nf.a(__sys_close.o)
 .comment       0x00000044       0x45 C:/nxp/MCUXpressoIDE_11.10.0_3148/ide/plugins/com.nxp.mcuxpresso.tools.win32_11.10.0.202311280810/tools/bin/../lib/gcc/arm-none-eabi/13.2.1/../../../../arm-none-eabi/lib/thumb/v6-m/nofp\libcr_nohost_nf.a(__sys_flen.o)
 .comment       0x00000044       0x45 C:/nxp/MCUXpressoIDE_11.10.0_3148/ide/plugins/com.nxp.mcuxpresso.tools.win32_11.10.0.202311280810/tools/bin/../lib/gcc/arm-none-eabi/13.2.1/../../../../arm-none-eabi/lib/thumb/v6-m/nofp\libcr_nohost_nf.a(__sys_istty.o)
 .comment       0x00000044       0x45 C:/nxp/MCUXpressoIDE_11.10.0_3148/ide/plugins/com.nxp.mcuxpresso.tools.win32_11.10.0.202311280810/tools/bin/../lib/gcc/arm-none-eabi/13.2.1/../../../../arm-none-eabi/lib/thumb/v6-m/nofp\libcr_nohost_nf.a(__sys_remove.o)
 .comment       0x00000044       0x45 C:/nxp/MCUXpressoIDE_11.10.0_3148/ide/plugins/com.nxp.mcuxpresso.tools.win32_11.10.0.202311280810/tools/bin/../lib/gcc/arm-none-eabi/13.2.1/../../../../arm-none-eabi/lib/thumb/v6-m/nofp\libcr_nohost_nf.a(__sys_seek.o)
 .comment       0x00000044       0x45 C:/nxp/MCUXpressoIDE_11.10.0_3148/ide/plugins/com.nxp.mcuxpresso.tools.win32_11.10.0.202311280810/tools/bin/../lib/gcc/arm-none-eabi/13.2.1/../../../../arm-none-eabi/lib/thumb/v6-m/nofp\libcr_nohost_nf.a(__sys_tmpnam.o)
 .comment       0x00000044       0x45 C:/nxp/MCUXpressoIDE_11.10.0_3148/ide/plugins/com.nxp.mcuxpresso.tools.win32_11.10.0.202311280810/tools/bin/../lib/gcc/arm-none-eabi/13.2.1/../../../../arm-none-eabi/lib/thumb/v6-m/nofp\libcr_nohost_nf.a(__sys_write.o)

.ARM.attributes
                0x00000000       0x2a
 .ARM.attributes
                0x00000000       0x2c ./startup/startup_mke16z4.o
 .ARM.attributes
                0x0000002c       0x2c ./source/Ass4.o
 .ARM.attributes
                0x00000058       0x2c ./source/func.o
 .ARM.attributes
                0x00000084       0x2c ./source/mtb.o
 .ARM.attributes
                0x000000b0       0x2c ./device/system_MKE16Z4.o
 .ARM.attributes
                0x000000dc       0x2c C:/nxp/MCUXpressoIDE_11.10.0_3148/ide/plugins/com.nxp.mcuxpresso.tools.win32_11.10.0.202311280810/tools/bin/../lib/gcc/arm-none-eabi/13.2.1/../../../../arm-none-eabi/lib/thumb/v6-m/nofp\libcr_nohost_nf.a(_cr__main.o)
 .ARM.attributes
                0x00000108       0x2c C:/nxp/MCUXpressoIDE_11.10.0_3148/ide/plugins/com.nxp.mcuxpresso.tools.win32_11.10.0.202311280810/tools/bin/../lib/gcc/arm-none-eabi/13.2.1/../../../../arm-none-eabi/lib/thumb/v6-m/nofp\libcr_c.a(initio.o)
 .ARM.attributes
                0x00000134       0x2c C:/nxp/MCUXpressoIDE_11.10.0_3148/ide/plugins/com.nxp.mcuxpresso.tools.win32_11.10.0.202311280810/tools/bin/../lib/gcc/arm-none-eabi/13.2.1/../../../../arm-none-eabi/lib/thumb/v6-m/nofp\libcr_c.a(setvbuf.o)
 .ARM.attributes
                0x00000160       0x2c C:/nxp/MCUXpressoIDE_11.10.0_3148/ide/plugins/com.nxp.mcuxpresso.tools.win32_11.10.0.202311280810/tools/bin/../lib/gcc/arm-none-eabi/13.2.1/../../../../arm-none-eabi/lib/thumb/v6-m/nofp\libcr_c.a(_fdopen.o)
 .ARM.attributes
                0x0000018c       0x2c C:/nxp/MCUXpressoIDE_11.10.0_3148/ide/plugins/com.nxp.mcuxpresso.tools.win32_11.10.0.202311280810/tools/bin/../lib/gcc/arm-none-eabi/13.2.1/../../../../arm-none-eabi/lib/thumb/v6-m/nofp\libcr_c.a(fclose.o)
 .ARM.attributes
                0x000001b8       0x2c C:/nxp/MCUXpressoIDE_11.10.0_3148/ide/plugins/com.nxp.mcuxpresso.tools.win32_11.10.0.202311280810/tools/bin/../lib/gcc/arm-none-eabi/13.2.1/../../../../arm-none-eabi/lib/thumb/v6-m/nofp\libcr_c.a(fflush.o)
 .ARM.attributes
                0x000001e4       0x2c C:/nxp/MCUXpressoIDE_11.10.0_3148/ide/plugins/com.nxp.mcuxpresso.tools.win32_11.10.0.202311280810/tools/bin/../lib/gcc/arm-none-eabi/13.2.1/../../../../arm-none-eabi/lib/thumb/v6-m/nofp\libcr_c.a(fseek.o)
 .ARM.attributes
                0x00000210       0x2c C:/nxp/MCUXpressoIDE_11.10.0_3148/ide/plugins/com.nxp.mcuxpresso.tools.win32_11.10.0.202311280810/tools/bin/../lib/gcc/arm-none-eabi/13.2.1/../../../../arm-none-eabi/lib/thumb/v6-m/nofp\libcr_c.a(ftell.o)
 .ARM.attributes
                0x0000023c       0x2c C:/nxp/MCUXpressoIDE_11.10.0_3148/ide/plugins/com.nxp.mcuxpresso.tools.win32_11.10.0.202311280810/tools/bin/../lib/gcc/arm-none-eabi/13.2.1/../../../../arm-none-eabi/lib/thumb/v6-m/nofp\libcr_c.a(remove.o)
 .ARM.attributes
                0x00000268       0x2c C:/nxp/MCUXpressoIDE_11.10.0_3148/ide/plugins/com.nxp.mcuxpresso.tools.win32_11.10.0.202311280810/tools/bin/../lib/gcc/arm-none-eabi/13.2.1/../../../../arm-none-eabi/lib/thumb/v6-m/nofp\libcr_c.a(strlen.o)
 .ARM.attributes
                0x00000294       0x2c C:/nxp/MCUXpressoIDE_11.10.0_3148/ide/plugins/com.nxp.mcuxpresso.tools.win32_11.10.0.202311280810/tools/bin/../lib/gcc/arm-none-eabi/13.2.1/../../../../arm-none-eabi/lib/thumb/v6-m/nofp\libcr_c.a(memset.o)
 .ARM.attributes
                0x000002c0       0x2c C:/nxp/MCUXpressoIDE_11.10.0_3148/ide/plugins/com.nxp.mcuxpresso.tools.win32_11.10.0.202311280810/tools/bin/../lib/gcc/arm-none-eabi/13.2.1/../../../../arm-none-eabi/lib/thumb/v6-m/nofp\libcr_c.a(_do_fflush.o)
 .ARM.attributes
                0x000002ec       0x2c C:/nxp/MCUXpressoIDE_11.10.0_3148/ide/plugins/com.nxp.mcuxpresso.tools.win32_11.10.0.202311280810/tools/bin/../lib/gcc/arm-none-eabi/13.2.1/../../../../arm-none-eabi/lib/thumb/v6-m/nofp\libcr_c.a(_fflush.o)
 .ARM.attributes
                0x00000318       0x2c C:/nxp/MCUXpressoIDE_11.10.0_3148/ide/plugins/com.nxp.mcuxpresso.tools.win32_11.10.0.202311280810/tools/bin/../lib/gcc/arm-none-eabi/13.2.1/../../../../arm-none-eabi/lib/thumb/v6-m/nofp\libcr_c.a(_writebuf.o)
 .ARM.attributes
                0x00000344       0x2c C:/nxp/MCUXpressoIDE_11.10.0_3148/ide/plugins/com.nxp.mcuxpresso.tools.win32_11.10.0.202311280810/tools/bin/../lib/gcc/arm-none-eabi/13.2.1/../../../../arm-none-eabi/lib/thumb/v6-m/nofp\libcr_c.a(alloc.o)
 .ARM.attributes
                0x00000370       0x2c C:/nxp/MCUXpressoIDE_11.10.0_3148/ide/plugins/com.nxp.mcuxpresso.tools.win32_11.10.0.202311280810/tools/bin/../lib/gcc/arm-none-eabi/13.2.1/../../../../arm-none-eabi/lib/thumb/v6-m/nofp\libcr_c.a(errno.o)
 .ARM.attributes
                0x0000039c       0x2c C:/nxp/MCUXpressoIDE_11.10.0_3148/ide/plugins/com.nxp.mcuxpresso.tools.win32_11.10.0.202311280810/tools/bin/../lib/gcc/arm-none-eabi/13.2.1/../../../../arm-none-eabi/lib/thumb/v6-m/nofp\libcr_c.a(_deferredlazyseek.o)
 .ARM.attributes
                0x000003c8       0x1c C:/nxp/MCUXpressoIDE_11.10.0_3148/ide/plugins/com.nxp.mcuxpresso.tools.win32_11.10.0.202311280810/tools/bin/../lib/gcc/arm-none-eabi/13.2.1/thumb/v6-m/nofp\libcr_eabihelpers.a(memcpy.o)
 .ARM.attributes
                0x000003e4       0x2c C:/nxp/MCUXpressoIDE_11.10.0_3148/ide/plugins/com.nxp.mcuxpresso.tools.win32_11.10.0.202311280810/tools/bin/../lib/gcc/arm-none-eabi/13.2.1/../../../../arm-none-eabi/lib/thumb/v6-m/nofp\libcr_nohost_nf.a(__ciob.o)
 .ARM.attributes
                0x00000410       0x2c C:/nxp/MCUXpressoIDE_11.10.0_3148/ide/plugins/com.nxp.mcuxpresso.tools.win32_11.10.0.202311280810/tools/bin/../lib/gcc/arm-none-eabi/13.2.1/../../../../arm-none-eabi/lib/thumb/v6-m/nofp\libcr_nohost_nf.a(__sys_close.o)
 .ARM.attributes
                0x0000043c       0x2c C:/nxp/MCUXpressoIDE_11.10.0_3148/ide/plugins/com.nxp.mcuxpresso.tools.win32_11.10.0.202311280810/tools/bin/../lib/gcc/arm-none-eabi/13.2.1/../../../../arm-none-eabi/lib/thumb/v6-m/nofp\libcr_nohost_nf.a(__sys_flen.o)
 .ARM.attributes
                0x00000468       0x2c C:/nxp/MCUXpressoIDE_11.10.0_3148/ide/plugins/com.nxp.mcuxpresso.tools.win32_11.10.0.202311280810/tools/bin/../lib/gcc/arm-none-eabi/13.2.1/../../../../arm-none-eabi/lib/thumb/v6-m/nofp\libcr_nohost_nf.a(__sys_istty.o)
 .ARM.attributes
                0x00000494       0x2c C:/nxp/MCUXpressoIDE_11.10.0_3148/ide/plugins/com.nxp.mcuxpresso.tools.win32_11.10.0.202311280810/tools/bin/../lib/gcc/arm-none-eabi/13.2.1/../../../../arm-none-eabi/lib/thumb/v6-m/nofp\libcr_nohost_nf.a(__sys_remove.o)
 .ARM.attributes
                0x000004c0       0x2c C:/nxp/MCUXpressoIDE_11.10.0_3148/ide/plugins/com.nxp.mcuxpresso.tools.win32_11.10.0.202311280810/tools/bin/../lib/gcc/arm-none-eabi/13.2.1/../../../../arm-none-eabi/lib/thumb/v6-m/nofp\libcr_nohost_nf.a(__sys_seek.o)
 .ARM.attributes
                0x000004ec       0x2c C:/nxp/MCUXpressoIDE_11.10.0_3148/ide/plugins/com.nxp.mcuxpresso.tools.win32_11.10.0.202311280810/tools/bin/../lib/gcc/arm-none-eabi/13.2.1/../../../../arm-none-eabi/lib/thumb/v6-m/nofp\libcr_nohost_nf.a(__sys_tmpnam.o)
 .ARM.attributes
                0x00000518       0x2c C:/nxp/MCUXpressoIDE_11.10.0_3148/ide/plugins/com.nxp.mcuxpresso.tools.win32_11.10.0.202311280810/tools/bin/../lib/gcc/arm-none-eabi/13.2.1/../../../../arm-none-eabi/lib/thumb/v6-m/nofp\libcr_nohost_nf.a(__sys_write.o)

.debug_frame    0x00000000      0x94c
 .debug_frame   0x00000000      0x3a8 ./startup/startup_mke16z4.o
 .debug_frame   0x000003a8       0x2c ./source/Ass4.o
 .debug_frame   0x000003d4       0xa0 ./source/func.o
 .debug_frame   0x00000474       0x68 ./device/system_MKE16Z4.o
 .debug_frame   0x000004dc       0x28 C:/nxp/MCUXpressoIDE_11.10.0_3148/ide/plugins/com.nxp.mcuxpresso.tools.win32_11.10.0.202311280810/tools/bin/../lib/gcc/arm-none-eabi/13.2.1/../../../../arm-none-eabi/lib/thumb/v6-m/nofp\libcr_nohost_nf.a(_cr__main.o)
 .debug_frame   0x00000504       0x4c C:/nxp/MCUXpressoIDE_11.10.0_3148/ide/plugins/com.nxp.mcuxpresso.tools.win32_11.10.0.202311280810/tools/bin/../lib/gcc/arm-none-eabi/13.2.1/../../../../arm-none-eabi/lib/thumb/v6-m/nofp\libcr_c.a(initio.o)
 .debug_frame   0x00000550       0x30 C:/nxp/MCUXpressoIDE_11.10.0_3148/ide/plugins/com.nxp.mcuxpresso.tools.win32_11.10.0.202311280810/tools/bin/../lib/gcc/arm-none-eabi/13.2.1/../../../../arm-none-eabi/lib/thumb/v6-m/nofp\libcr_c.a(setvbuf.o)
 .debug_frame   0x00000580       0x34 C:/nxp/MCUXpressoIDE_11.10.0_3148/ide/plugins/com.nxp.mcuxpresso.tools.win32_11.10.0.202311280810/tools/bin/../lib/gcc/arm-none-eabi/13.2.1/../../../../arm-none-eabi/lib/thumb/v6-m/nofp\libcr_c.a(_fdopen.o)
 .debug_frame   0x000005b4       0x30 C:/nxp/MCUXpressoIDE_11.10.0_3148/ide/plugins/com.nxp.mcuxpresso.tools.win32_11.10.0.202311280810/tools/bin/../lib/gcc/arm-none-eabi/13.2.1/../../../../arm-none-eabi/lib/thumb/v6-m/nofp\libcr_c.a(fclose.o)
 .debug_frame   0x000005e4       0x30 C:/nxp/MCUXpressoIDE_11.10.0_3148/ide/plugins/com.nxp.mcuxpresso.tools.win32_11.10.0.202311280810/tools/bin/../lib/gcc/arm-none-eabi/13.2.1/../../../../arm-none-eabi/lib/thumb/v6-m/nofp\libcr_c.a(fflush.o)
 .debug_frame   0x00000614       0x34 C:/nxp/MCUXpressoIDE_11.10.0_3148/ide/plugins/com.nxp.mcuxpresso.tools.win32_11.10.0.202311280810/tools/bin/../lib/gcc/arm-none-eabi/13.2.1/../../../../arm-none-eabi/lib/thumb/v6-m/nofp\libcr_c.a(fseek.o)
 .debug_frame   0x00000648       0x20 C:/nxp/MCUXpressoIDE_11.10.0_3148/ide/plugins/com.nxp.mcuxpresso.tools.win32_11.10.0.202311280810/tools/bin/../lib/gcc/arm-none-eabi/13.2.1/../../../../arm-none-eabi/lib/thumb/v6-m/nofp\libcr_c.a(ftell.o)
 .debug_frame   0x00000668       0x44 C:/nxp/MCUXpressoIDE_11.10.0_3148/ide/plugins/com.nxp.mcuxpresso.tools.win32_11.10.0.202311280810/tools/bin/../lib/gcc/arm-none-eabi/13.2.1/../../../../arm-none-eabi/lib/thumb/v6-m/nofp\libcr_c.a(remove.o)
 .debug_frame   0x000006ac       0x28 C:/nxp/MCUXpressoIDE_11.10.0_3148/ide/plugins/com.nxp.mcuxpresso.tools.win32_11.10.0.202311280810/tools/bin/../lib/gcc/arm-none-eabi/13.2.1/../../../../arm-none-eabi/lib/thumb/v6-m/nofp\libcr_c.a(strlen.o)
 .debug_frame   0x000006d4       0x28 C:/nxp/MCUXpressoIDE_11.10.0_3148/ide/plugins/com.nxp.mcuxpresso.tools.win32_11.10.0.202311280810/tools/bin/../lib/gcc/arm-none-eabi/13.2.1/../../../../arm-none-eabi/lib/thumb/v6-m/nofp\libcr_c.a(memset.o)
 .debug_frame   0x000006fc       0x2c C:/nxp/MCUXpressoIDE_11.10.0_3148/ide/plugins/com.nxp.mcuxpresso.tools.win32_11.10.0.202311280810/tools/bin/../lib/gcc/arm-none-eabi/13.2.1/../../../../arm-none-eabi/lib/thumb/v6-m/nofp\libcr_c.a(_do_fflush.o)
 .debug_frame   0x00000728       0x2c C:/nxp/MCUXpressoIDE_11.10.0_3148/ide/plugins/com.nxp.mcuxpresso.tools.win32_11.10.0.202311280810/tools/bin/../lib/gcc/arm-none-eabi/13.2.1/../../../../arm-none-eabi/lib/thumb/v6-m/nofp\libcr_c.a(_fflush.o)
 .debug_frame   0x00000754       0x34 C:/nxp/MCUXpressoIDE_11.10.0_3148/ide/plugins/com.nxp.mcuxpresso.tools.win32_11.10.0.202311280810/tools/bin/../lib/gcc/arm-none-eabi/13.2.1/../../../../arm-none-eabi/lib/thumb/v6-m/nofp\libcr_c.a(_writebuf.o)
 .debug_frame   0x00000788       0x9c C:/nxp/MCUXpressoIDE_11.10.0_3148/ide/plugins/com.nxp.mcuxpresso.tools.win32_11.10.0.202311280810/tools/bin/../lib/gcc/arm-none-eabi/13.2.1/../../../../arm-none-eabi/lib/thumb/v6-m/nofp\libcr_c.a(alloc.o)
 .debug_frame   0x00000824       0x48 C:/nxp/MCUXpressoIDE_11.10.0_3148/ide/plugins/com.nxp.mcuxpresso.tools.win32_11.10.0.202311280810/tools/bin/../lib/gcc/arm-none-eabi/13.2.1/../../../../arm-none-eabi/lib/thumb/v6-m/nofp\libcr_c.a(_deferredlazyseek.o)
 .debug_frame   0x0000086c       0x20 C:/nxp/MCUXpressoIDE_11.10.0_3148/ide/plugins/com.nxp.mcuxpresso.tools.win32_11.10.0.202311280810/tools/bin/../lib/gcc/arm-none-eabi/13.2.1/../../../../arm-none-eabi/lib/thumb/v6-m/nofp\libcr_nohost_nf.a(__sys_close.o)
 .debug_frame   0x0000088c       0x20 C:/nxp/MCUXpressoIDE_11.10.0_3148/ide/plugins/com.nxp.mcuxpresso.tools.win32_11.10.0.202311280810/tools/bin/../lib/gcc/arm-none-eabi/13.2.1/../../../../arm-none-eabi/lib/thumb/v6-m/nofp\libcr_nohost_nf.a(__sys_flen.o)
 .debug_frame   0x000008ac       0x20 C:/nxp/MCUXpressoIDE_11.10.0_3148/ide/plugins/com.nxp.mcuxpresso.tools.win32_11.10.0.202311280810/tools/bin/../lib/gcc/arm-none-eabi/13.2.1/../../../../arm-none-eabi/lib/thumb/v6-m/nofp\libcr_nohost_nf.a(__sys_istty.o)
 .debug_frame   0x000008cc       0x20 C:/nxp/MCUXpressoIDE_11.10.0_3148/ide/plugins/com.nxp.mcuxpresso.tools.win32_11.10.0.202311280810/tools/bin/../lib/gcc/arm-none-eabi/13.2.1/../../../../arm-none-eabi/lib/thumb/v6-m/nofp\libcr_nohost_nf.a(__sys_remove.o)
 .debug_frame   0x000008ec       0x20 C:/nxp/MCUXpressoIDE_11.10.0_3148/ide/plugins/com.nxp.mcuxpresso.tools.win32_11.10.0.202311280810/tools/bin/../lib/gcc/arm-none-eabi/13.2.1/../../../../arm-none-eabi/lib/thumb/v6-m/nofp\libcr_nohost_nf.a(__sys_seek.o)
 .debug_frame   0x0000090c       0x20 C:/nxp/MCUXpressoIDE_11.10.0_3148/ide/plugins/com.nxp.mcuxpresso.tools.win32_11.10.0.202311280810/tools/bin/../lib/gcc/arm-none-eabi/13.2.1/../../../../arm-none-eabi/lib/thumb/v6-m/nofp\libcr_nohost_nf.a(__sys_tmpnam.o)
 .debug_frame   0x0000092c       0x20 C:/nxp/MCUXpressoIDE_11.10.0_3148/ide/plugins/com.nxp.mcuxpresso.tools.win32_11.10.0.202311280810/tools/bin/../lib/gcc/arm-none-eabi/13.2.1/../../../../arm-none-eabi/lib/thumb/v6-m/nofp\libcr_nohost_nf.a(__sys_write.o)

Cross Reference Table

Symbol                                            File
ADC0_DriverIRQHandler                             ./startup/startup_mke16z4.o
ADC0_IRQHandler                                   ./startup/startup_mke16z4.o
CMP0_DriverIRQHandler                             ./startup/startup_mke16z4.o
CMP0_IRQHandler                                   ./startup/startup_mke16z4.o
FTFA_DriverIRQHandler                             ./startup/startup_mke16z4.o
FTFA_IRQHandler                                   ./startup/startup_mke16z4.o
FTM0_DriverIRQHandler                             ./startup/startup_mke16z4.o
FTM0_IRQHandler                                   ./startup/startup_mke16z4.o
FTM1_DriverIRQHandler                             ./startup/startup_mke16z4.o
FTM1_IRQHandler                                   ./startup/startup_mke16z4.o
Flash_Config                                      ./startup/startup_mke16z4.o
HardFault_Handler                                 ./startup/startup_mke16z4.o
IntDefaultHandler                                 ./startup/startup_mke16z4.o
LPI2C0_DriverIRQHandler                           ./startup/startup_mke16z4.o
LPI2C0_IRQHandler                                 ./startup/startup_mke16z4.o
LPIT0_DriverIRQHandler                            ./startup/startup_mke16z4.o
LPIT0_IRQHandler                                  ./source/func.o
                                                  ./startup/startup_mke16z4.o
LPSPI0_DriverIRQHandler                           ./startup/startup_mke16z4.o
LPSPI0_IRQHandler                                 ./startup/startup_mke16z4.o
LPUART0_DriverIRQHandler                          ./startup/startup_mke16z4.o
LPUART0_IRQHandler                                ./startup/startup_mke16z4.o
LPUART1_DriverIRQHandler                          ./startup/startup_mke16z4.o
LPUART1_IRQHandler                                ./startup/startup_mke16z4.o
LPUART2_DriverIRQHandler                          ./startup/startup_mke16z4.o
LPUART2_IRQHandler                                ./startup/startup_mke16z4.o
LVD_LVW_DriverIRQHandler                          ./startup/startup_mke16z4.o
LVD_LVW_IRQHandler                                ./startup/startup_mke16z4.o
MSCAN_DriverIRQHandler                            ./startup/startup_mke16z4.o
MSCAN_ORed_IRQHandler                             ./startup/startup_mke16z4.o
MSCAN_Rx_IRQHandler                               ./startup/startup_mke16z4.o
NMI_Handler                                       ./startup/startup_mke16z4.o
PDB0_DriverIRQHandler                             ./startup/startup_mke16z4.o
PDB0_IRQHandler                                   ./startup/startup_mke16z4.o
PORTAE_DriverIRQHandler                           ./startup/startup_mke16z4.o
PORTAE_IRQHandler                                 ./startup/startup_mke16z4.o
PORTBCD_DriverIRQHandler                          ./startup/startup_mke16z4.o
PORTBCD_IRQHandler                                ./startup/startup_mke16z4.o
PWT_LPTMR0_DriverIRQHandler                       ./startup/startup_mke16z4.o
PWT_LPTMR0_IRQHandler                             ./startup/startup_mke16z4.o
PendSV_Handler                                    ./startup/startup_mke16z4.o
RTC_DriverIRQHandler                              ./startup/startup_mke16z4.o
RTC_IRQHandler                                    ./startup/startup_mke16z4.o
Reserved16_DriverIRQHandler                       ./startup/startup_mke16z4.o
Reserved16_IRQHandler                             ./startup/startup_mke16z4.o
Reserved17_DriverIRQHandler                       ./startup/startup_mke16z4.o
Reserved17_IRQHandler                             ./startup/startup_mke16z4.o
Reserved18_DriverIRQHandler                       ./startup/startup_mke16z4.o
Reserved18_IRQHandler                             ./startup/startup_mke16z4.o
Reserved19_DriverIRQHandler                       ./startup/startup_mke16z4.o
Reserved19_IRQHandler                             ./startup/startup_mke16z4.o
Reserved20_DriverIRQHandler                       ./startup/startup_mke16z4.o
Reserved20_IRQHandler                             ./startup/startup_mke16z4.o
Reserved25_DriverIRQHandler                       ./startup/startup_mke16z4.o
Reserved25_IRQHandler                             ./startup/startup_mke16z4.o
Reserved27_DriverIRQHandler                       ./startup/startup_mke16z4.o
Reserved27_IRQHandler                             ./startup/startup_mke16z4.o
Reserved35_DriverIRQHandler                       ./startup/startup_mke16z4.o
Reserved35_IRQHandler                             ./startup/startup_mke16z4.o
Reserved37_DriverIRQHandler                       ./startup/startup_mke16z4.o
Reserved37_IRQHandler                             ./startup/startup_mke16z4.o
Reserved39_DriverIRQHandler                       ./startup/startup_mke16z4.o
Reserved39_IRQHandler                             ./startup/startup_mke16z4.o
ResetISR                                          ./startup/startup_mke16z4.o
SCG_RCM_DriverIRQHandler                          ./startup/startup_mke16z4.o
SCG_RCM_IRQHandler                                ./startup/startup_mke16z4.o
SVC_Handler                                       ./startup/startup_mke16z4.o
SysTick_Handler                                   ./startup/startup_mke16z4.o
SystemCoreClock                                   ./device/system_MKE16Z4.o
SystemCoreClockUpdate                             ./device/system_MKE16Z4.o