C:\Users\Duy\Documents\MCUXpressoIDE_11.10.0_3148\workspace\Ass3_Interrupt\CMSIS/core_cm0plus.h:741:22:__NVIC_EnableIRQ	16	static
C:\Users\Duy\Documents\MCUXpressoIDE_11.10.0_3148\workspace\Ass3_Interrupt\CMSIS/core_cm0plus.h:850:22:__NVIC_SetPriority	24	static
C:\Users\Duy\Documents\MCUXpressoIDE_11.10.0_3148\workspace\Ass3_Interrupt\CMSIS/core_cm0plus.h:1058:26:SysTick_Config	16	static
../source/Ass3_Interrupt.c:20:6:initLed	8	static
../source/Ass3_Interrupt.c:27:6:initButton	8	static
../source/Ass3_Interrupt.c:34:6:initSysTick	8	static
../source/Ass3_Interrupt.c:39:6:initBlink	8	static
../source/Ass3_Interrupt.c:45:6:initPWM	16	static
../source/Ass3_Interrupt.c:61:6:SysTick_Handler	8	static
../source/Ass3_Interrupt.c:98:6:PORTBCD_IRQHandler	8	static
../source/Ass3_Interrupt.c:108:5:main	8	static
