16:45:23 **** Incremental Build of configuration Debug for project Ass1_ConfigLedGPIO ****
make -r -j8 all 
make[1]: Nothing to be done for 'main-build'.
Performing post-build steps
arm-none-eabi-size "Ass1_ConfigLedGPIO.axf"; # arm-none-eabi-objcopy -v -O binary "Ass1_ConfigLedGPIO.axf" "Ass1_ConfigLedGPIO.bin" ; # checksum -p MKE16Z64xxx4 -d "Ass1_ConfigLedGPIO.bin";
   text	   data	    bss	    dec	    hex	filename
   3100	      0	   1336	   4436	   1154	Ass1_ConfigLedGPIO.axf
 

16:45:23 Build Finished. 0 errors, 0 warnings. (took 202ms)

