15:32:54 **** Incremental Build of configuration Debug for project Ass3_Interrupt ****
make -r -j8 all 
make[1]: Nothing to be done for 'main-build'.
Performing post-build steps
arm-none-eabi-size "Ass3_Interrupt.axf"; # arm-none-eabi-objcopy -v -O binary "Ass3_Interrupt.axf" "Ass3_Interrupt.bin" ; # checksum -p MKE16Z64xxx4 -d "Ass3_Interrupt.bin";
   text	   data	    bss	    dec	    hex	filename
   3656	      4	   1348	   5008	   1390	Ass3_Interrupt.axf
 

15:32:54 Build Finished. 0 errors, 0 warnings. (took 256ms)

