16:26:23 **** Incremental Build of configuration Debug for project Ass3_Interrupt ****
make -r -j8 all 
Building file: ../source/Ass3_Interrupt.c
Invoking: MCU C Compiler
arm-none-eabi-gcc -D__REDLIB__ -DCPU_MKE16Z64VLF4 -DCPU_MKE16Z64VLF4_cm0plus -DSDK_OS_BAREMETAL -DSDK_DEBUGCONSOLE=1 -DCR_INTEGER_PRINTF -DPRINTF_FLOAT_ENABLE=0 -D__MCUXPRESSO -D__USE_CMSIS -DDEBUG -I"C:\Users\Duy\Documents\MCUXpressoIDE_11.10.0_3148\workspace\Ass3_Interrupt\source" -I"C:\Users\Duy\Documents\MCUXpressoIDE_11.10.0_3148\workspace\Ass3_Interrupt\device" -I"C:\Users\Duy\Documents\MCUXpressoIDE_11.10.0_3148\workspace\Ass3_Interrupt\CMSIS" -O0 -fno-common -g3 -gdwarf-4 -Wall -c -ffunction-sections -fdata-sections -fno-builtin -fmerge-constants -fmacro-prefix-map="../source/"= -mcpu=cortex-m0plus -mthumb -D__REDLIB__ -fstack-usage -specs=redlib.specs -MMD -MP -MF"source/Ass3_Interrupt.d" -MT"source/Ass3_Interrupt.o" -MT"source/Ass3_Interrupt.d" -o "source/Ass3_Interrupt.o" "../source/Ass3_Interrupt.c"
Finished building: ../source/Ass3_Interrupt.c
 
Building target: Ass3_Interrupt.axf
Invoking: MCU Linker
arm-none-eabi-gcc -nostdlib -Xlinker -Map="Ass3_Interrupt.map" -Xlinker --gc-sections -Xlinker -print-memory-usage -Xlinker --sort-section=alignment -Xlinker --cref -mcpu=cortex-m0plus -mthumb -T Ass3_Interrupt_Debug.ld -o "Ass3_Interrupt.axf" ./startup/startup_mke16z4.o  ./source/Ass3_Interrupt.o ./source/func.o ./source/main.o ./source/mtb.o  ./device/system_MKE16Z4.o   
Memory region         Used Size  Region Size  %age Used
   PROGRAM_FLASH:        3660 B        64 KB      5.58%
            SRAM:        1352 B         8 KB     16.50%
Finished building target: Ass3_Interrupt.axf
 
Performing post-build steps
arm-none-eabi-size "Ass3_Interrupt.axf"; # arm-none-eabi-objcopy -v -O binary "Ass3_Interrupt.axf" "Ass3_Interrupt.bin" ; # checksum -p MKE16Z64xxx4 -d "Ass3_Interrupt.bin";
   text	   data	    bss	    dec	    hex	filename
   3656	      4	   1348	   5008	   1390	Ass3_Interrupt.axf
 

16:26:24 Build Finished. 0 errors, 0 warnings. (took 496ms)

