16:50:53 **** Incremental Build of configuration Debug for project Systick_Demo ****
make -r -j8 all 
Building file: ../source/Systick_Demo.c
Invoking: MCU C Compiler
arm-none-eabi-gcc -D__REDLIB__ -DCPU_MKE16Z64VLF4 -DCPU_MKE16Z64VLF4_cm0plus -DSDK_OS_BAREMETAL -DSDK_DEBUGCONSOLE=1 -DCR_INTEGER_PRINTF -DPRINTF_FLOAT_ENABLE=0 -D__MCUXPRESSO -D__USE_CMSIS -DDEBUG -I"C:\Users\Duy\Documents\MCUXpressoIDE_11.10.0_3148\workspace\Systick_Demo\source" -I"C:\Users\Duy\Documents\MCUXpressoIDE_11.10.0_3148\workspace\Systick_Demo\device" -I"C:\Users\Duy\Documents\MCUXpressoIDE_11.10.0_3148\workspace\Systick_Demo\CMSIS" -O0 -fno-common -g3 -gdwarf-4 -Wall -c -ffunction-sections -fdata-sections -fno-builtin -fmerge-constants -fmacro-prefix-map="../source/"= -mcpu=cortex-m0plus -mthumb -D__REDLIB__ -fstack-usage -specs=redlib.specs -MMD -MP -MF"source/Systick_Demo.d" -MT"source/Systick_Demo.o" -MT"source/Systick_Demo.d" -o "source/Systick_Demo.o" "../source/Systick_Demo.c"
Finished building: ../source/Systick_Demo.c
 
Building target: Systick_Demo.axf
Invoking: MCU Linker
arm-none-eabi-gcc -nostdlib -Xlinker -Map="Systick_Demo.map" -Xlinker --gc-sections -Xlinker -print-memory-usage -Xlinker --sort-section=alignment -Xlinker --cref -mcpu=cortex-m0plus -mthumb -T Systick_Demo_Debug.ld -o "Systick_Demo.axf" ./startup/startup_mke16z4.o  ./source/Systick_Demo.o ./source/mtb.o  ./device/system_MKE16Z4.o   
Memory region         Used Size  Region Size  %age Used
   PROGRAM_FLASH:        2924 B        64 KB      4.46%
            SRAM:        1336 B         8 KB     16.31%
Finished building target: Systick_Demo.axf
 
Performing post-build steps
arm-none-eabi-size "Systick_Demo.axf"; # arm-none-eabi-objcopy -v -O binary "Systick_Demo.axf" "Systick_Demo.bin" ; # checksum -p MKE16Z64xxx4 -d "Systick_Demo.bin";
   text	   data	    bss	    dec	    hex	filename
   2924	      0	   1336	   4260	   10a4	Systick_Demo.axf
 

16:50:54 Build Finished. 0 errors, 0 warnings. (took 497ms)

